Archive member included to satisfy reference by file (symbol)

C:/devkitPro/libnx/lib\libnx.a(applet.o)
                              main.o (appletMainLoop)
C:/devkitPro/libnx/lib\libnx.a(hosversion.o)
                              C:/devkitPro/libnx/lib\libnx.a(applet.o) (hosversionGet)
C:/devkitPro/libnx/lib\libnx.a(env.o)
                              C:/devkitPro/libnx/lib\libnx.a(applet.o) (envIsNso)
C:/devkitPro/libnx/lib\libnx.a(pad.o)
                              main.o (padConfigureInput)
C:/devkitPro/libnx/lib\libnx.a(diag.o)
                              C:/devkitPro/libnx/lib\libnx.a(applet.o) (diagAbortWithResult)
C:/devkitPro/libnx/lib\libnx.a(console.o)
                              main.o (consoleInit)
C:/devkitPro/libnx/lib\libnx.a(console_sw.o)
                              C:/devkitPro/libnx/lib\libnx.a(console.o) (getDefaultConsoleRenderer)
C:/devkitPro/libnx/lib\libnx.a(svc.o)
                              C:/devkitPro/libnx/lib\libnx.a(applet.o) (svcExitProcess)
C:/devkitPro/libnx/lib\libnx.a(switch_crt0.o)
                              (_start)
C:/devkitPro/libnx/lib\libnx.a(default_font.bin.o)
                              C:/devkitPro/libnx/lib\libnx.a(console.o) (default_font_bin)
C:/devkitPro/libnx/lib\libnx.a(tmem.o)
                              C:/devkitPro/libnx/lib\libnx.a(applet.o) (tmemCreate)
C:/devkitPro/libnx/lib\libnx.a(wait.o)
                              C:/devkitPro/libnx/lib\libnx.a(applet.o) (waitObjects)
C:/devkitPro/libnx/lib\libnx.a(mutex.o)
                              C:/devkitPro/libnx/lib\libnx.a(applet.o) (mutexLock)
C:/devkitPro/libnx/lib\libnx.a(virtmem.o)
                              C:/devkitPro/libnx/lib\libnx.a(tmem.o) (virtmemLock)
C:/devkitPro/libnx/lib\libnx.a(event.o)
                              C:/devkitPro/libnx/lib\libnx.a(applet.o) (eventLoadRemote)
C:/devkitPro/libnx/lib\libnx.a(random.o)
                              C:/devkitPro/libnx/lib\libnx.a(virtmem.o) (randomGet64)
C:/devkitPro/libnx/lib\libnx.a(apm.o)
                              C:/devkitPro/libnx/lib\libnx.a(applet.o) (apmInitialize)
C:/devkitPro/libnx/lib\libnx.a(sm.o)
                              C:/devkitPro/libnx/lib\libnx.a(env.o) (smAddOverrideHandle)
C:/devkitPro/libnx/lib\libnx.a(hid.o)
                              C:/devkitPro/libnx/lib\libnx.a(pad.o) (hidGetNpadStyleSet)
C:/devkitPro/libnx/lib\libnx.a(default_window.o)
                              C:/devkitPro/libnx/lib\libnx.a(console_sw.o) (nwindowGetDefault)
C:/devkitPro/libnx/lib\libnx.a(framebuffer.o)
                              C:/devkitPro/libnx/lib\libnx.a(console_sw.o) (framebufferMakeLinear)
C:/devkitPro/libnx/lib\libnx.a(native_window.o)
                              C:/devkitPro/libnx/lib\libnx.a(framebuffer.o) (nwindowIsValid)
C:/devkitPro/libnx/lib\libnx.a(dynamic.o)
                              C:/devkitPro/libnx/lib\libnx.a(switch_crt0.o) (__nx_dynamic)
C:/devkitPro/libnx/lib\libnx.a(init.o)
                              C:/devkitPro/libnx/lib\libnx.a(switch_crt0.o) (__libnx_init)
C:/devkitPro/libnx/lib\libnx.a(alloc.o)
                              C:/devkitPro/libnx/lib\libnx.a(virtmem.o) (__libnx_alloc)
C:/devkitPro/libnx/lib\libnx.a(newlib.o)
                              C:/devkitPro/libnx/lib\libnx.a(init.o) (__libnx_init_time)
C:/devkitPro/libnx/lib\libnx.a(argv.o)
                              C:/devkitPro/libnx/lib\libnx.a(init.o) (argvSetup)
C:/devkitPro/libnx/lib\libnx.a(fs_dev.o)
                              C:/devkitPro/libnx/lib\libnx.a(init.o) (fsdevMountSdmc)
C:/devkitPro/libnx/lib\libnx.a(decode_utf8.o)
                              C:/devkitPro/libnx/lib\libnx.a(fs_dev.o) (decode_utf8)
C:/devkitPro/libnx/lib\libnx.a(cache.o)
                              C:/devkitPro/libnx/lib\libnx.a(framebuffer.o) (armDCacheFlush)
C:/devkitPro/libnx/lib\libnx.a(exception.o)
                              C:/devkitPro/libnx/lib\libnx.a(switch_crt0.o) (__libnx_exception_entry)
C:/devkitPro/libnx/lib\libnx.a(readtp.o)
                              C:/devkitPro/libnx/lib\libnx.a(fs_dev.o) (__aarch64_read_tp)
C:/devkitPro/libnx/lib\libnx.a(shmem.o)
                              C:/devkitPro/libnx/lib\libnx.a(hid.o) (shmemLoadRemote)
C:/devkitPro/libnx/lib\libnx.a(condvar.o)
                              C:/devkitPro/libnx/lib\libnx.a(newlib.o) (condvarWaitTimeout)
C:/devkitPro/libnx/lib\libnx.a(thread.o)
                              C:/devkitPro/libnx/lib\libnx.a(init.o) (__libnx_init_thread)
C:/devkitPro/libnx/lib\libnx.a(vi.o)
                              C:/devkitPro/libnx/lib\libnx.a(default_window.o) (viInitialize)
C:/devkitPro/libnx/lib\libnx.a(nv.o)
                              C:/devkitPro/libnx/lib\libnx.a(framebuffer.o) (nvInitialize)
C:/devkitPro/libnx/lib\libnx.a(fs.o)
                              C:/devkitPro/libnx/lib\libnx.a(init.o) (fsInitialize)
C:/devkitPro/libnx/lib\libnx.a(set.o)
                              C:/devkitPro/libnx/lib\libnx.a(init.o) (setsysInitialize)
[...]
Memory Configuration

Name             Origin             Length             Attributes
*default*        0x0000000000000000 0xffffffffffffffff

Linker script and memory map

                0x0000000000000000                PROVIDE (__start__ = 0x0)
                0x0000000000000000                . = __start__
                0x0000000000000000                __code_start = .

.text           0x0000000000000000    0x33480
 *(.crt0)
 .crt0          0x0000000000000000      0x140 C:/devkitPro/libnx/lib\libnx.a(switch_crt0.o)
                0x0000000000000000                _start
                0x0000000000000108                __nx_exit
                0x0000000000000118                __nx_mod0
 *(.text.unlikely .text.*_unlikely .text.unlikely.*)
 .text.unlikely._ZSt19__throw_logic_errorPKc
                0x0000000000000140       0x54 C:/devkitPro/devkitA64/bin/../lib/gcc/aarch64-none-elf/13.1.0/../../../../aarch64-none-elf/lib/pic\libstdc++.a(functexcept.o)
                0x0000000000000140                std::__throw_logic_error(char const*)
 .text.unlikely._ZSt20__throw_length_errorPKc
                0x0000000000000194       0x54 C:/devkitPro/devkitA64/bin/../lib/gcc/aarch64-none-elf/13.1.0/../../../../aarch64-none-elf/lib/pic\libstdc++.a(functexcept.o)
                0x0000000000000194                std::__throw_length_error(char const*)
 .text.unlikely._ZNSt7__cxx1112basic_stringIcSt11char_traitsIcESaIcEE15_M_replace_coldEPcmPKcmm
                0x00000000000001e8      0x180 C:/devkitPro/devkitA64/bin/../lib/gcc/aarch64-none-elf/13.1.0/../../../../aarch64-none-elf/lib/pic\libstdc++.a(string-inst.o)
                0x00000000000001e8                std::__cxx11::basic_string<char, std::char_traits<char>, std::allocator<char> >::_M_replace_cold(char*, unsigned long, char const*, unsigned long, unsigned long)
 .text.unlikely._ZN9__gnu_cxx30__throw_concurrence_lock_errorEv
                0x0000000000000368       0x34 C:/devkitPro/devkitA64/bin/../lib/gcc/aarch64-none-elf/13.1.0/../../../../aarch64-none-elf/lib/pic\libstdc++.a(eh_alloc.o)
                0x0000000000000368                __gnu_cxx::__throw_concurrence_lock_error()
 .text.unlikely._ZN9__gnu_cxx32__throw_concurrence_unlock_errorEv
                0x000000000000039c       0x34 C:/devkitPro/devkitA64/bin/../lib/gcc/aarch64-none-elf/13.1.0/../../../../aarch64-none-elf/lib/pic\libstdc++.a(eh_alloc.o)
                0x000000000000039c                __gnu_cxx::__throw_concurrence_unlock_error()
 *(.text.exit .text.exit.*)
 .text.exit._GLOBAL__sub_D_eh_globals.cc
                0x00000000000003d0       0x34 C:/devkitPro/devkitA64/bin/../lib/gcc/aarch64-none-elf/13.1.0/../../../../aarch64-none-elf/lib/pic\libstdc++.a(eh_globals.o)
 *fill*         0x0000000000000404        0xc 
 .text.exit     0x0000000000000410       0x34 C:/devkitPro/devkitA64/bin/../lib/gcc/aarch64-none-elf/13.1.0/../../../../aarch64-none-elf/lib/pic\libg.a(libc_a-exit.o)
                0x0000000000000410                exit
 *(.text.startup .text.startup.*)
 *fill*         0x0000000000000444        0xc 
 .text.startup.main
                0x0000000000000450      0x87c main.o
                0x0000000000000450                main
 *fill*         0x0000000000000ccc        0x4 
 .text.startup._GLOBAL__sub_I_eh_alloc.cc
                0x0000000000000cd0      0x204 C:/devkitPro/devkitA64/bin/../lib/gcc/aarch64-none-elf/13.1.0/../../../../aarch64-none-elf/lib/pic\libstdc++.a(eh_alloc.o)
 *fill*         0x0000000000000ed4        0xc 
 .text.startup._GLOBAL__sub_I_eh_globals.cc
                0x0000000000000ee0       0x38 C:/devkitPro/devkitA64/bin/../lib/gcc/aarch64-none-elf/13.1.0/../../../../aarch64-none-elf/lib/pic\libstdc++.a(eh_globals.o)
 *(.text.hot .text.hot.*)
 *(.text .stub .text.* .gnu.linkonce.t.*)
 *fill*         0x0000000000000f18        0x8 
 .text.__do_global_dtors_aux
                0x0000000000000f20       0x44 C:/devkitPro/devkitA64/bin/../lib/gcc/aarch64-none-elf/13.1.0/pic/crtbegin.o
 *fill*         0x0000000000000f64        0xc 
 .text.frame_dummy
                0x0000000000000f70       0x24 C:/devkitPro/devkitA64/bin/../lib/gcc/aarch64-none-elf/13.1.0/pic/crtbegin.o
 *fill*         0x0000000000000f94        0xc 
 .text._ZNSt7__cxx119to_stringEi
                0x0000000000000fa0      0x298 main.o
                0x0000000000000fa0                std::__cxx11::to_string(int)
 *fill*         0x0000000000001238        0x8 
 .text._Z12gen_oem_yearv
                0x0000000000001240       0xb0 main.o
                0x0000000000001240                gen_oem_year()
 .text._Z15gen_5digits_oemv
                0x00000000000012f0       0xcc main.o
                0x00000000000012f0                gen_5digits_oem()
 *fill*         0x00000000000013bc        0x4 
 .text._Z18gen_3digits_retailv
                0x00000000000013c0      0x17c main.o
                0x00000000000013c0                gen_3digits_retail()
 *fill*         0x000000000000153c        0x4 
 .text._Z18gen_7digits_retailv
                0x0000000000001540       0xd8 main.o
                0x0000000000001540                gen_7digits_retail()
 *fill*         0x0000000000001618        0x8 
 .text._ZStplIcSt11char_traitsIcESaIcEENSt7__cxx1112basic_stringIT_T0_T1_EEOS8_S9_
                0x0000000000001620      0x128 main.o
                0x0000000000001620                std::__cxx11::basic_string<char, std::char_traits<char>, std::allocator<char> > std::operator+<char, std::char_traits<char>, std::allocator<char> >(std::__cxx11::basic_string<char, std::char_traits<char>, std::allocator<char> >&&, std::__cxx11::basic_string<char, std::char_traits<char>, std::allocator<char> >&&)
 *fill*         0x0000000000001748        0x8 
 .text._appletInfiniteSleepLoop
                0x0000000000001750       0x24 C:/devkitPro/libnx/lib\libnx.a(applet.o)
 *fill*         0x0000000000001774        0xc 
 .text._appletCmdGetSession
                0x0000000000001780      0x108 C:/devkitPro/libnx/lib\libnx.a(applet.o)
 *fill*         0x0000000000001888        0x8 
 .text._appletCmdInU8NoOut
                0x0000000000001890       0xcc C:/devkitPro/libnx/lib\libnx.a(applet.o)
 *fill*         0x000000000000195c        0x4 
 .text._appletGetLaunchReason
                0x0000000000001960      0x104 C:/devkitPro/libnx/lib\libnx.a(applet.o)
 *fill*         0x0000000000001a64        0xc 
 .text._appletSetFocusHandlingMode
                0x0000000000001a70       0xe4 C:/devkitPro/libnx/lib\libnx.a(applet.o)
 *fill*         0x0000000000001b54        0xc 
 .text._appletCmdInU32NoOut
                0x0000000000001b60       0xcc C:/devkitPro/libnx/lib\libnx.a(applet.o)
 *fill*         0x0000000000001c2c        0x4 
 .text._appletGetSessionProxy.constprop.0
                0x0000000000001c30      0x138 C:/devkitPro/libnx/lib\libnx.a(applet.o)
 *fill*         0x0000000000001d68        0x8 
 .text._appletOpenLibraryAppletProxy.constprop.0
                0x0000000000001d70      0x154 C:/devkitPro/libnx/lib\libnx.a(applet.o)
 *fill*         0x0000000000001ec4        0xc 
 .text._appletCmdGetHandle.constprop.0.isra.0
                0x0000000000001ed0       0xd0 C:/devkitPro/libnx/lib\libnx.a(applet.o)
 .text._appletCmdNoInOutU8.isra.0
                0x0000000000001fa0       0xd4 C:/devkitPro/libnx/lib\libnx.a(applet.o)
 *fill*         0x0000000000002074        0xc 
 .text._appletCmdNoInOutU32.isra.0
                0x0000000000002080       0xd4 C:/devkitPro/libnx/lib\libnx.a(applet.o)
 *fill*         0x0000000000002154        0xc 
 .text._appletCmdNoInOutU64.isra.0
                0x0000000000002160       0xd4 C:/devkitPro/libnx/lib\libnx.a(applet.o)
 *fill*         0x0000000000002234        0xc 
 .text._appletCmdNoIO.isra.0
                0x0000000000002240       0xc0 C:/devkitPro/libnx/lib\libnx.a(applet.o)
 .text.appletGetAppletType
                0x0000000000002300       0x10 C:/devkitPro/libnx/lib\libnx.a(applet.o)
                0x0000000000002300                appletGetAppletType
 .text.appletSetFocusHandlingMode
                0x0000000000002310      0x114 C:/devkitPro/libnx/lib\libnx.a(applet.o)
                0x0000000000002310                appletSetFocusHandlingMode
 *fill*         0x0000000000002424        0xc 
 .text.appletSetCpuBoostMode
                0x0000000000002430       0x5c C:/devkitPro/libnx/lib\libnx.a(applet.o)
                0x0000000000002430                appletSetCpuBoostMode
 *fill*         0x000000000000248c        0x4 
 .text.appletCreateManagedDisplayLayer
                0x0000000000002490       0x2c C:/devkitPro/libnx/lib\libnx.a(applet.o)
                0x0000000000002490                appletCreateManagedDisplayLayer
 *fill*         0x00000000000024bc        0x4 
 .text.appletGetAppletResourceUserId
                0x00000000000024c0        0xc C:/devkitPro/libnx/lib\libnx.a(applet.o)
                0x00000000000024c0                appletGetAppletResourceUserId
 *fill*         0x00000000000024cc        0x4 
 .text._appletGetIndirectLayerConsumerHandle
                0x00000000000024d0       0xf4 C:/devkitPro/libnx/lib\libnx.a(applet.o)
 *fill*         0x00000000000025c4        0xc 
 .text._appletHolderCreateState
                0x00000000000025d0       0x88 C:/devkitPro/libnx/lib\libnx.a(applet.o)
 *fill*         0x0000000000002658        0x8 
 .text.appletHolderClose
                0x0000000000002660       0xac C:/devkitPro/libnx/lib\libnx.a(applet.o)
                0x0000000000002660                appletHolderClose
 *fill*         0x000000000000270c        0x4 
 .text.appletHolderGetLibraryAppletInfo
                0x0000000000002710       0x24 C:/devkitPro/libnx/lib\libnx.a(applet.o)
                0x0000000000002710                appletHolderGetLibraryAppletInfo
 *fill*         0x0000000000002734        0xc 
 .text.appletNotifyRunning
                0x0000000000002740       0x90 C:/devkitPro/libnx/lib\libnx.a(applet.o)
                0x0000000000002740                appletNotifyRunning
 .text.appletSetGamePlayRecordingState
                0x00000000000027d0       0x8c C:/devkitPro/libnx/lib\libnx.a(applet.o)
                0x00000000000027d0                appletSetGamePlayRecordingState
 *fill*         0x000000000000285c        0x4 
 .text._appletCleanup
                0x0000000000002860      0xad4 C:/devkitPro/libnx/lib\libnx.a(applet.o)
 *fill*         0x0000000000003334        0xc 
 .text.appletExit
                0x0000000000003340       0x44 C:/devkitPro/libnx/lib\libnx.a(applet.o)
                0x0000000000003340                appletExit
 *fill*         0x0000000000003384        0xc 
 .text.appletGetLibraryAppletInfo
                0x0000000000003390       0x40 C:/devkitPro/libnx/lib\libnx.a(applet.o)
                0x0000000000003390                appletGetLibraryAppletInfo
 .text.appletInitialize
                0x00000000000033d0      0xa94 C:/devkitPro/libnx/lib\libnx.a(applet.o)
                0x00000000000033d0                appletInitialize
 *fill*         0x0000000000003e64        0xc 
 .text._appletExitProcess
                0x0000000000003e70       0x24 C:/devkitPro/libnx/lib\libnx.a(applet.o)
 *fill*         0x0000000000003e94        0xc 
 .text.appletGetMessage
                0x0000000000003ea0       0x74 C:/devkitPro/libnx/lib\libnx.a(applet.o)
                0x0000000000003ea0                appletGetMessage
 *fill*         0x0000000000003f14        0xc 
 .text.appletProcessMessage
                0x0000000000003f20      0x28c C:/devkitPro/libnx/lib\libnx.a(applet.o)
                0x0000000000003f20                appletProcessMessage
 *fill*         0x00000000000041ac        0x4 
 .text.appletMainLoop
                0x00000000000041b0       0x34 C:/devkitPro/libnx/lib\libnx.a(applet.o)
                0x00000000000041b0                appletMainLoop
 *fill*         0x00000000000041e4        0xc 
 .text.hosversionGet
                0x00000000000041f0       0x14 C:/devkitPro/libnx/lib\libnx.a(hosversion.o)
                0x00000000000041f0                hosversionGet
 *fill*         0x0000000000004204        0xc 
 .text.hosversionSet
                0x0000000000004210       0x10 C:/devkitPro/libnx/lib\libnx.a(hosversion.o)
                0x0000000000004210                hosversionSet
 .text.envSetup
                0x0000000000004220      0x208 C:/devkitPro/libnx/lib\libnx.a(env.o)
                0x0000000000004220                envSetup
 *fill*         0x0000000000004428        0x8 
 .text.envGetMainThreadHandle
                0x0000000000004430       0x20 C:/devkitPro/libnx/lib\libnx.a(env.o)
                0x0000000000004430                envGetMainThreadHandle
 .text.envIsNso
                0x0000000000004450        0xc C:/devkitPro/libnx/lib\libnx.a(env.o)
                0x0000000000004450                envIsNso
 *fill*         0x000000000000445c        0x4 
 .text.envHasHeapOverride
                0x0000000000004460       0x14 C:/devkitPro/libnx/lib\libnx.a(env.o)
                0x0000000000004460                envHasHeapOverride
 *fill*         0x0000000000004474        0xc 
 .text.envGetHeapOverrideAddr
                0x0000000000004480        0xc C:/devkitPro/libnx/lib\libnx.a(env.o)
                0x0000000000004480                envGetHeapOverrideAddr
 *fill*         0x000000000000448c        0x4 
 .text.envGetHeapOverrideSize
                0x0000000000004490        0xc C:/devkitPro/libnx/lib\libnx.a(env.o)
                0x0000000000004490                envGetHeapOverrideSize
 *fill*         0x000000000000449c        0x4 
 .text.envHasArgv
                0x00000000000044a0       0x14 C:/devkitPro/libnx/lib\libnx.a(env.o)
                0x00000000000044a0                envHasArgv
 *fill*         0x00000000000044b4        0xc 
 .text.envGetArgv
                0x00000000000044c0        0xc C:/devkitPro/libnx/lib\libnx.a(env.o)
                0x00000000000044c0                envGetArgv
 *fill*         0x00000000000044cc        0x4 
 .text.envGetExitFuncPtr
                0x00000000000044d0        0xc C:/devkitPro/libnx/lib\libnx.a(env.o)
                0x00000000000044d0                envGetExitFuncPtr
 *fill*         0x00000000000044dc        0x4 
 .text.envSetExitFuncPtr
                0x00000000000044e0        0xc C:/devkitPro/libnx/lib\libnx.a(env.o)
                0x00000000000044e0                envSetExitFuncPtr
 *fill*         0x00000000000044ec        0x4 
 .text.envHasRandomSeed
                0x00000000000044f0        0xc C:/devkitPro/libnx/lib\libnx.a(env.o)
                0x00000000000044f0                envHasRandomSeed
 *fill*         0x00000000000044fc        0x4 
 .text.envGetRandomSeed
                0x0000000000004500       0x10 C:/devkitPro/libnx/lib\libnx.a(env.o)
                0x0000000000004500                envGetRandomSeed
 .text._padUpdateWithCommonState
                0x0000000000004510       0x5c C:/devkitPro/libnx/lib\libnx.a(pad.o)
 *fill*         0x000000000000456c        0x4 
 .text.padConfigureInput
                0x0000000000004570       0x9c C:/devkitPro/libnx/lib\libnx.a(pad.o)
                0x0000000000004570                padConfigureInput
 *fill*         0x000000000000460c        0x4 
 .text.padUpdate
                0x0000000000004610      0x240 C:/devkitPro/libnx/lib\libnx.a(pad.o)
                0x0000000000004610                padUpdate
 .text.diagAbortWithResult
                0x0000000000004850       0x1c C:/devkitPro/libnx/lib\libnx.a(diag.o)
                0x0000000000004850                diagAbortWithResult
 *fill*         0x000000000000486c        0x4 
 .text.consoleDrawChar
                0x0000000000004870       0x48 C:/devkitPro/libnx/lib\libnx.a(console.o)
 *fill*         0x00000000000048b8        0x8 
 .text.parseColor
                0x00000000000048c0      0x20c C:/devkitPro/libnx/lib\libnx.a(console.o)
 *fill*         0x0000000000004acc        0x4 
 .text.consoleNewRow
                0x0000000000004ad0       0xb0 C:/devkitPro/libnx/lib\libnx.a(console.o)
 .text.con_write
                0x0000000000004b80      0xc98 C:/devkitPro/libnx/lib\libnx.a(console.o)
 *fill*         0x0000000000005818        0x8 
 .text.consoleInit
                0x0000000000005820      0x154 C:/devkitPro/libnx/lib\libnx.a(console.o)
                0x0000000000005820                consoleInit
 *fill*         0x0000000000005974        0xc 
 .text.ConsoleSwRenderer_drawChar
                0x0000000000005980      0x1c8 C:/devkitPro/libnx/lib\libnx.a(console_sw.o)
 *fill*         0x0000000000005b48        0x8 
 .text.ConsoleSwRenderer_init
                0x0000000000005b50       0xf8 C:/devkitPro/libnx/lib\libnx.a(console_sw.o)
 *fill*         0x0000000000005c48        0x8 
 .text.ConsoleSwRenderer_flushAndSwap
                0x0000000000005c50       0x70 C:/devkitPro/libnx/lib\libnx.a(console_sw.o)
 .text.ConsoleSwRenderer_scrollWindow
                0x0000000000005cc0       0xd0 C:/devkitPro/libnx/lib\libnx.a(console_sw.o)
 .text.ConsoleSwRenderer_deinit
                0x0000000000005d90       0x4c C:/devkitPro/libnx/lib\libnx.a(console_sw.o)
 *fill*         0x0000000000005ddc        0x4 
 .text.getDefaultConsoleRenderer
                0x0000000000005de0        0xc C:/devkitPro/libnx/lib\libnx.a(console_sw.o)
                0x0000000000005de0                getDefaultConsoleRenderer
 .text.svcSetHeapSize
                0x0000000000005dec       0x14 C:/devkitPro/libnx/lib\libnx.a(svc.o)
                0x0000000000005dec                svcSetHeapSize
 .text.svcSetMemoryAttribute
                0x0000000000005e00        0x8 C:/devkitPro/libnx/lib\libnx.a(svc.o)
                0x0000000000005e00                svcSetMemoryAttribute
 .text.svcUnmapMemory
                0x0000000000005e08        0x8 C:/devkitPro/libnx/lib\libnx.a(svc.o)
                0x0000000000005e08                svcUnmapMemory
 .text.svcQueryMemory
                0x0000000000005e10       0x14 C:/devkitPro/libnx/lib\libnx.a(svc.o)
                0x0000000000005e10                svcQueryMemory
 .text.svcExitProcess
                0x0000000000005e24        0x8 C:/devkitPro/libnx/lib\libnx.a(svc.o)
                0x0000000000005e24                svcExitProcess
 .text.svcSleepThread
                0x0000000000005e2c        0x8 C:/devkitPro/libnx/lib\libnx.a(svc.o)
                0x0000000000005e2c                svcSleepThread
 .text.svcMapSharedMemory
                0x0000000000005e34        0x8 C:/devkitPro/libnx/lib\libnx.a(svc.o)
                0x0000000000005e34                svcMapSharedMemory
 .text.svcUnmapSharedMemory
                0x0000000000005e3c        0x8 C:/devkitPro/libnx/lib\libnx.a(svc.o)
                0x0000000000005e3c                svcUnmapSharedMemory
 .text.svcCreateTransferMemory
                0x0000000000005e44       0x14 C:/devkitPro/libnx/lib\libnx.a(svc.o)
                0x0000000000005e44                svcCreateTransferMemory
 .text.svcCloseHandle
                0x0000000000005e58        0x8 C:/devkitPro/libnx/lib\libnx.a(svc.o)
                0x0000000000005e58                svcCloseHandle
 .text.svcResetSignal
                0x0000000000005e60        0x8 C:/devkitPro/libnx/lib\libnx.a(svc.o)
                0x0000000000005e60                svcResetSignal
 .text.svcWaitSynchronization
                0x0000000000005e68       0x14 C:/devkitPro/libnx/lib\libnx.a(svc.o)
                0x0000000000005e68                svcWaitSynchronization
 .text.svcArbitrateLock
                0x0000000000005e7c        0x8 C:/devkitPro/libnx/lib\libnx.a(svc.o)
                0x0000000000005e7c                svcArbitrateLock
 .text.svcArbitrateUnlock
                0x0000000000005e84        0x8 C:/devkitPro/libnx/lib\libnx.a(svc.o)
                0x0000000000005e84                svcArbitrateUnlock
 .text.svcWaitProcessWideKeyAtomic
                0x0000000000005e8c        0x8 C:/devkitPro/libnx/lib\libnx.a(svc.o)
                0x0000000000005e8c                svcWaitProcessWideKeyAtomic
 .text.svcSignalProcessWideKey
                0x0000000000005e94        0x8 C:/devkitPro/libnx/lib\libnx.a(svc.o)
                0x0000000000005e94                svcSignalProcessWideKey
 .text.svcConnectToNamedPort
                0x0000000000005e9c       0x14 C:/devkitPro/libnx/lib\libnx.a(svc.o)
                0x0000000000005e9c                svcConnectToNamedPort
 .text.svcSendSyncRequest
                0x0000000000005eb0        0x8 C:/devkitPro/libnx/lib\libnx.a(svc.o)
                0x0000000000005eb0                svcSendSyncRequest
 .text.svcBreak
                0x0000000000005eb8        0x8 C:/devkitPro/libnx/lib\libnx.a(svc.o)
                0x0000000000005eb8                svcBreak
 .text.svcReturnFromException
                0x0000000000005ec0        0x8 C:/devkitPro/libnx/lib\libnx.a(svc.o)
                0x0000000000005ec0                svcReturnFromException
 .text.svcGetInfo
                0x0000000000005ec8       0x14 C:/devkitPro/libnx/lib\libnx.a(svc.o)
                0x0000000000005ec8                svcGetInfo
 .text.svcUnmapTransferMemory
                0x0000000000005edc        0x8 C:/devkitPro/libnx/lib\libnx.a(svc.o)
                0x0000000000005edc                svcUnmapTransferMemory
 *fill*         0x0000000000005ee4        0xc 
 .text.tmemCreate
                0x0000000000005ef0       0xa8 C:/devkitPro/libnx/lib\libnx.a(tmem.o)
                0x0000000000005ef0                tmemCreate
 *fill*         0x0000000000005f98        0x8 
 .text.tmemUnmap
                0x0000000000005fa0       0x34 C:/devkitPro/libnx/lib\libnx.a(tmem.o)
                0x0000000000005fa0                tmemUnmap
 *fill*         0x0000000000005fd4        0xc 
 .text.tmemCloseHandle
                0x0000000000005fe0       0x38 C:/devkitPro/libnx/lib\libnx.a(tmem.o)
                0x0000000000005fe0                tmemCloseHandle
 *fill*         0x0000000000006018        0x8 
 .text.tmemWaitForPermission
                0x0000000000006020       0xf0 C:/devkitPro/libnx/lib\libnx.a(tmem.o)
                0x0000000000006020                tmemWaitForPermission
 .text.tmemClose
                0x0000000000006110       0x54 C:/devkitPro/libnx/lib\libnx.a(tmem.o)
                0x0000000000006110                tmemClose
 *fill*         0x0000000000006164        0xc 
 .text.waitObjects
                0x0000000000006170      0x524 C:/devkitPro/libnx/lib\libnx.a(wait.o)
                0x0000000000006170                waitObjects
 *fill*         0x0000000000006694        0xc 
 .text.mutexLock
                0x00000000000066a0       0x80 C:/devkitPro/libnx/lib\libnx.a(mutex.o)
                0x00000000000066a0                mutexLock
 .text.mutexUnlock
                0x0000000000006720       0x68 C:/devkitPro/libnx/lib\libnx.a(mutex.o)
                0x0000000000006720                mutexUnlock
 *fill*         0x0000000000006788        0x8 
 .text.mutexIsLockedByCurrentThread
                0x0000000000006790       0x1c C:/devkitPro/libnx/lib\libnx.a(mutex.o)
                0x0000000000006790                mutexIsLockedByCurrentThread
 *fill*         0x00000000000067ac        0x4 
 .text.rmutexLock
                0x00000000000067b0       0x4c C:/devkitPro/libnx/lib\libnx.a(mutex.o)
                0x00000000000067b0                rmutexLock
 *fill*         0x00000000000067fc        0x4 
 .text.rmutexUnlock
                0x0000000000006800       0x1c C:/devkitPro/libnx/lib\libnx.a(mutex.o)
                0x0000000000006800                rmutexUnlock
 *fill*         0x000000000000681c        0x4 
 .text._memregionInitWithInfo
                0x0000000000006820       0x64 C:/devkitPro/libnx/lib\libnx.a(virtmem.o)
 *fill*         0x0000000000006884        0xc 
 .text.__libnx_virtmem_rng
                0x0000000000006890        0x4 C:/devkitPro/libnx/lib\libnx.a(virtmem.o)
                0x0000000000006890                __libnx_virtmem_rng
 *fill*         0x0000000000006894        0xc 
 .text._memregionFindRandom
                0x00000000000068a0      0x16c C:/devkitPro/libnx/lib\libnx.a(virtmem.o)
 *fill*         0x0000000000006a0c        0x4 
 .text.virtmemSetup
                0x0000000000006a10      0x120 C:/devkitPro/libnx/lib\libnx.a(virtmem.o)
                0x0000000000006a10                virtmemSetup
 .text.virtmemLock
                0x0000000000006b30        0xc C:/devkitPro/libnx/lib\libnx.a(virtmem.o)
                0x0000000000006b30                virtmemLock
 *fill*         0x0000000000006b3c        0x4 
 .text.virtmemUnlock
                0x0000000000006b40        0xc C:/devkitPro/libnx/lib\libnx.a(virtmem.o)
                0x0000000000006b40                virtmemUnlock
 *fill*         0x0000000000006b4c        0x4 
 .text.virtmemFindAslr
                0x0000000000006b50       0x50 C:/devkitPro/libnx/lib\libnx.a(virtmem.o)
                0x0000000000006b50                virtmemFindAslr
 .text.eventLoadRemote
                0x0000000000006ba0        0xc C:/devkitPro/libnx/lib\libnx.a(event.o)
                0x0000000000006ba0                eventLoadRemote
 *fill*         0x0000000000006bac        0x4 
 .text.eventWait
                0x0000000000006bb0       0x38 C:/devkitPro/libnx/lib\libnx.a(event.o)
                0x0000000000006bb0                eventWait
 *fill*         0x0000000000006be8        0x8 
 .text.eventClose
                0x0000000000006bf0       0x50 C:/devkitPro/libnx/lib\libnx.a(event.o)
                0x0000000000006bf0                eventClose
 .text.randomGet
                0x0000000000006c40      0x3d4 C:/devkitPro/libnx/lib\libnx.a(random.o)
                0x0000000000006c40                randomGet
 *fill*         0x0000000000007014        0xc 
 .text.randomGet64
                0x0000000000007020       0x20 C:/devkitPro/libnx/lib\libnx.a(random.o)
                0x0000000000007020                randomGet64
 .text._apmCleanup
                0x0000000000007040       0xc0 C:/devkitPro/libnx/lib\libnx.a(apm.o)
 .text._apmCmdGetSession.constprop.0
                0x0000000000007100       0xfc C:/devkitPro/libnx/lib\libnx.a(apm.o)
 *fill*         0x00000000000071fc        0x4 
 .text.apmInitialize
                0x0000000000007200       0xa0 C:/devkitPro/libnx/lib\libnx.a(apm.o)
                0x0000000000007200                apmInitialize
 .text.apmExit  0x00000000000072a0       0x44 C:/devkitPro/libnx/lib\libnx.a(apm.o)
                0x00000000000072a0                apmExit
 *fill*         0x00000000000072e4        0xc 
 .text.apmSetPerformanceConfiguration
                0x00000000000072f0       0xc8 C:/devkitPro/libnx/lib\libnx.a(apm.o)
                0x00000000000072f0                apmSetPerformanceConfiguration
 *fill*         0x00000000000073b8        0x8 
 .text._smCmifCmdInPid
                0x00000000000073c0       0xd0 C:/devkitPro/libnx/lib\libnx.a(sm.o)
 .text._smCleanup
                0x0000000000007490       0x68 C:/devkitPro/libnx/lib\libnx.a(sm.o)
 *fill*         0x00000000000074f8        0x8 
 .text.smAddOverrideHandle
                0x0000000000007500       0x48 C:/devkitPro/libnx/lib\libnx.a(sm.o)
                0x0000000000007500                smAddOverrideHandle
 *fill*         0x0000000000007548        0x8 
 .text.smGetServiceOverride
                0x0000000000007550       0x54 C:/devkitPro/libnx/lib\libnx.a(sm.o)
                0x0000000000007550                smGetServiceOverride
 *fill*         0x00000000000075a4        0xc 
 .text.smInitialize
                0x00000000000075b0      0x1c0 C:/devkitPro/libnx/lib\libnx.a(sm.o)
                0x00000000000075b0                smInitialize
 .text.smExit   0x0000000000007770       0x44 C:/devkitPro/libnx/lib\libnx.a(sm.o)
                0x0000000000007770                smExit
 *fill*         0x00000000000077b4        0xc 
 .text.smGetServiceOriginal
                0x00000000000077c0       0xd0 C:/devkitPro/libnx/lib\libnx.a(sm.o)
                0x00000000000077c0                smGetServiceOriginal
 .text.smGetServiceWrapper
                0x0000000000007890      0x120 C:/devkitPro/libnx/lib\libnx.a(sm.o)
                0x0000000000007890                smGetServiceWrapper
 .text._hidCleanup
                0x00000000000079b0      0x108 C:/devkitPro/libnx/lib\libnx.a(hid.o)
 *fill*         0x0000000000007ab8        0x8 
 .text._hidCmdInAruidNoOut
                0x0000000000007ac0       0xd8 C:/devkitPro/libnx/lib\libnx.a(hid.o)
 *fill*         0x0000000000007b98        0x8 
 .text._hidCmdInU32AruidNoOut
                0x0000000000007ba0       0xe4 C:/devkitPro/libnx/lib\libnx.a(hid.o)
 *fill*         0x0000000000007c84        0xc 
 .text._hidGetStates
                0x0000000000007c90      0x1a8 C:/devkitPro/libnx/lib\libnx.a(hid.o)
 *fill*         0x0000000000007e38        0x8 
 .text._hidCreateAppletResource.constprop.0
                0x0000000000007e40      0x114 C:/devkitPro/libnx/lib\libnx.a(hid.o)
 *fill*         0x0000000000007f54        0xc 
 .text._hidCmdGetHandle.constprop.0
                0x0000000000007f60       0xc8 C:/devkitPro/libnx/lib\libnx.a(hid.o)
 *fill*         0x0000000000008028        0x8 
 .text.hidInitialize
                0x0000000000008030       0xdc C:/devkitPro/libnx/lib\libnx.a(hid.o)
                0x0000000000008030                hidInitialize
 *fill*         0x000000000000810c        0x4 
 .text.hidExit  0x0000000000008110       0x44 C:/devkitPro/libnx/lib\libnx.a(hid.o)
                0x0000000000008110                hidExit
 *fill*         0x0000000000008154        0xc 
 .text.hidGetSharedmemAddr
                0x0000000000008160        0xc C:/devkitPro/libnx/lib\libnx.a(hid.o)
                0x0000000000008160                hidGetSharedmemAddr
 *fill*         0x000000000000816c        0x4 
 .text.hidGetNpadStyleSet
                0x0000000000008170       0x94 C:/devkitPro/libnx/lib\libnx.a(hid.o)
                0x0000000000008170                hidGetNpadStyleSet
 *fill*         0x0000000000008204        0xc 
 .text.hidInitializeNpad
                0x0000000000008210       0x6c C:/devkitPro/libnx/lib\libnx.a(hid.o)
                0x0000000000008210                hidInitializeNpad
 *fill*         0x000000000000827c        0x4 
 .text.hidGetNpadStatesFullKey
                0x0000000000008280       0xac C:/devkitPro/libnx/lib\libnx.a(hid.o)
                0x0000000000008280                hidGetNpadStatesFullKey
 *fill*         0x000000000000832c        0x4 
 .text.hidGetNpadStatesHandheld
                0x0000000000008330       0xac C:/devkitPro/libnx/lib\libnx.a(hid.o)
                0x0000000000008330                hidGetNpadStatesHandheld
 *fill*         0x00000000000083dc        0x4 
 .text.hidGetNpadStatesJoyDual
                0x00000000000083e0       0xac C:/devkitPro/libnx/lib\libnx.a(hid.o)
                0x00000000000083e0                hidGetNpadStatesJoyDual
 *fill*         0x000000000000848c        0x4 
 .text.hidGetNpadStatesJoyLeft
                0x0000000000008490       0xac C:/devkitPro/libnx/lib\libnx.a(hid.o)
                0x0000000000008490                hidGetNpadStatesJoyLeft
 *fill*         0x000000000000853c        0x4 
 .text.hidGetNpadStatesJoyRight
                0x0000000000008540       0xac C:/devkitPro/libnx/lib\libnx.a(hid.o)
                0x0000000000008540                hidGetNpadStatesJoyRight
 *fill*         0x00000000000085ec        0x4 
 .text.hidGetNpadStatesGc
                0x00000000000085f0      0x164 C:/devkitPro/libnx/lib\libnx.a(hid.o)
                0x00000000000085f0                hidGetNpadStatesGc
 *fill*         0x0000000000008754        0xc 
 .text.hidGetNpadStatesSystemExt
                0x0000000000008760       0xb0 C:/devkitPro/libnx/lib\libnx.a(hid.o)
                0x0000000000008760                hidGetNpadStatesSystemExt
 .text.hidSetSupportedNpadStyleSet
                0x0000000000008810        0x8 C:/devkitPro/libnx/lib\libnx.a(hid.o)
                0x0000000000008810                hidSetSupportedNpadStyleSet
 *fill*         0x0000000000008818        0x8 
 .text.hidSetSupportedNpadIdType
                0x0000000000008820      0x100 C:/devkitPro/libnx/lib\libnx.a(hid.o)
                0x0000000000008820                hidSetSupportedNpadIdType
 .text.nwindowGetDefault
                0x0000000000008920        0xc C:/devkitPro/libnx/lib\libnx.a(default_window.o)
                0x0000000000008920                nwindowGetDefault
 *fill*         0x000000000000892c        0x4 
 .text.__nx_win_init
                0x0000000000008930       0xb0 C:/devkitPro/libnx/lib\libnx.a(default_window.o)
                0x0000000000008930                __nx_win_init
 .text.__nx_win_exit
                0x00000000000089e0       0x34 C:/devkitPro/libnx/lib\libnx.a(default_window.o)
                0x00000000000089e0                __nx_win_exit
 *fill*         0x0000000000008a14        0xc 
 .text.framebufferMakeLinear
                0x0000000000008a20       0x8c C:/devkitPro/libnx/lib\libnx.a(framebuffer.o)
                0x0000000000008a20                framebufferMakeLinear
 *fill*         0x0000000000008aac        0x4 
 .text.framebufferClose
                0x0000000000008ab0       0x80 C:/devkitPro/libnx/lib\libnx.a(framebuffer.o)
                0x0000000000008ab0                framebufferClose
 .text.framebufferCreate
                0x0000000000008b30      0x2b0 C:/devkitPro/libnx/lib\libnx.a(framebuffer.o)
                0x0000000000008b30                framebufferCreate
 .text.framebufferBegin
                0x0000000000008de0       0x88 C:/devkitPro/libnx/lib\libnx.a(framebuffer.o)
                0x0000000000008de0                framebufferBegin
 *fill*         0x0000000000008e68        0x8 
 .text.framebufferEnd
                0x0000000000008e70      0x18c C:/devkitPro/libnx/lib\libnx.a(framebuffer.o)
                0x0000000000008e70                framebufferEnd
 *fill*         0x0000000000008ffc        0x4 
 .text.nwindowIsValid
                0x0000000000009000       0x24 C:/devkitPro/libnx/lib\libnx.a(native_window.o)
                0x0000000000009000                nwindowIsValid
 *fill*         0x0000000000009024        0xc 
 .text.nwindowClose
                0x0000000000009030       0x7c C:/devkitPro/libnx/lib\libnx.a(native_window.o)
                0x0000000000009030                nwindowClose
 *fill*         0x00000000000090ac        0x4 
 .text.nwindowCreate
                0x00000000000090b0       0xf4 C:/devkitPro/libnx/lib\libnx.a(native_window.o)
                0x00000000000090b0                nwindowCreate
 *fill*         0x00000000000091a4        0xc 
 .text.nwindowCreateFromLayer
                0x00000000000091b0       0x34 C:/devkitPro/libnx/lib\libnx.a(native_window.o)
                0x00000000000091b0                nwindowCreateFromLayer
 *fill*         0x00000000000091e4        0xc 
 .text.nwindowSetDimensions
                0x00000000000091f0       0x84 C:/devkitPro/libnx/lib\libnx.a(native_window.o)
                0x00000000000091f0                nwindowSetDimensions
 *fill*         0x0000000000009274        0xc 
 .text.nwindowConfigureBuffer
                0x0000000000009280      0x18c C:/devkitPro/libnx/lib\libnx.a(native_window.o)
                0x0000000000009280                nwindowConfigureBuffer
 *fill*         0x000000000000940c        0x4 
 .text.nwindowDequeueBuffer
                0x0000000000009410      0x1e0 C:/devkitPro/libnx/lib\libnx.a(native_window.o)
                0x0000000000009410                nwindowDequeueBuffer
 .text.nwindowQueueBuffer
                0x00000000000095f0      0x13c C:/devkitPro/libnx/lib\libnx.a(native_window.o)
                0x00000000000095f0                nwindowQueueBuffer
 *fill*         0x000000000000972c        0x4 
 .text.nwindowReleaseBuffers
                0x0000000000009730       0x94 C:/devkitPro/libnx/lib\libnx.a(native_window.o)
                0x0000000000009730                nwindowReleaseBuffers
 *fill*         0x00000000000097c4        0xc 
 .text.__nx_dynamic
                0x00000000000097d0       0xa4 C:/devkitPro/libnx/lib\libnx.a(dynamic.o)
                0x00000000000097d0                __nx_dynamic
 *fill*         0x0000000000009874        0xc 
 .text.__libnx_initheap
                0x0000000000009880       0xd4 C:/devkitPro/libnx/lib\libnx.a(init.o)
                0x0000000000009880                __libnx_initheap
 *fill*         0x0000000000009954        0xc 
 .text.__appInit
                0x0000000000009960       0xec C:/devkitPro/libnx/lib\libnx.a(init.o)
                0x0000000000009960                __appInit
 *fill*         0x0000000000009a4c        0x4 
 .text.__appExit
                0x0000000000009a50       0x44 C:/devkitPro/libnx/lib\libnx.a(init.o)
                0x0000000000009a50                __appExit
 *fill*         0x0000000000009a94        0xc 
 .text.__libnx_init
                0x0000000000009aa0       0x2c C:/devkitPro/libnx/lib\libnx.a(init.o)
                0x0000000000009aa0                __libnx_init
 *fill*         0x0000000000009acc        0x4 
 .text.__libnx_exit
                0x0000000000009ad0       0x20 C:/devkitPro/libnx/lib\libnx.a(init.o)
                0x0000000000009ad0                __libnx_exit
 .text.__libnx_alloc
                0x0000000000009af0        0x4 C:/devkitPro/libnx/lib\libnx.a(alloc.o)
                0x0000000000009af0                __libnx_alloc
 *fill*         0x0000000000009af4        0xc 
 .text.__libnx_aligned_alloc
                0x0000000000009b00       0x14 C:/devkitPro/libnx/lib\libnx.a(alloc.o)
                0x0000000000009b00                __libnx_aligned_alloc
 *fill*         0x0000000000009b14        0xc 
 .text.__libnx_free
                0x0000000000009b20        0x4 C:/devkitPro/libnx/lib\libnx.a(alloc.o)
                0x0000000000009b20                __libnx_free
 *fill*         0x0000000000009b24        0xc 
 .text.__syscall_exit
                0x0000000000009b30       0x1c C:/devkitPro/libnx/lib\libnx.a(newlib.o)
                0x0000000000009b30                __syscall_exit
 *fill*         0x0000000000009b4c        0x4 
 .text.__syscall_lock_acquire
                0x0000000000009b50        0x4 C:/devkitPro/libnx/lib\libnx.a(newlib.o)
                0x0000000000009b50                __syscall_lock_acquire
 *fill*         0x0000000000009b54        0xc 
 .text.__syscall_lock_release
                0x0000000000009b60        0x4 C:/devkitPro/libnx/lib\libnx.a(newlib.o)
                0x0000000000009b60                __syscall_lock_release
 *fill*         0x0000000000009b64        0xc 
 .text.__syscall_lock_acquire_recursive
                0x0000000000009b70        0x4 C:/devkitPro/libnx/lib\libnx.a(newlib.o)
                0x0000000000009b70                __syscall_lock_acquire_recursive
 *fill*         0x0000000000009b74        0xc 
 .text.__syscall_lock_release_recursive
                0x0000000000009b80        0x4 C:/devkitPro/libnx/lib\libnx.a(newlib.o)
                0x0000000000009b80                __syscall_lock_release_recursive
 *fill*         0x0000000000009b84        0xc 
 .text.__syscall_cond_broadcast
                0x0000000000009b90       0x1c C:/devkitPro/libnx/lib\libnx.a(newlib.o)
                0x0000000000009b90                __syscall_cond_broadcast
 *fill*         0x0000000000009bac        0x4 
 .text.__syscall_cond_wait
                0x0000000000009bb0       0x3c C:/devkitPro/libnx/lib\libnx.a(newlib.o)
                0x0000000000009bb0                __syscall_cond_wait
 *fill*         0x0000000000009bec        0x4 
 .text.__syscall_tls_create
                0x0000000000009bf0       0x44 C:/devkitPro/libnx/lib\libnx.a(newlib.o)
                0x0000000000009bf0                __syscall_tls_create
 *fill*         0x0000000000009c34        0xc 
 .text.__syscall_tls_set
                0x0000000000009c40       0x18 C:/devkitPro/libnx/lib\libnx.a(newlib.o)
                0x0000000000009c40                __syscall_tls_set
 *fill*         0x0000000000009c58        0x8 
 .text.__syscall_tls_get
                0x0000000000009c60        0x4 C:/devkitPro/libnx/lib\libnx.a(newlib.o)
                0x0000000000009c60                __syscall_tls_get
 *fill*         0x0000000000009c64        0xc 
 .text.__syscall_tls_delete
                0x0000000000009c70       0x18 C:/devkitPro/libnx/lib\libnx.a(newlib.o)
                0x0000000000009c70                __syscall_tls_delete
 *fill*         0x0000000000009c88        0x8 
 .text.__libnx_init_time
                0x0000000000009c90      0x228 C:/devkitPro/libnx/lib\libnx.a(newlib.o)
                0x0000000000009c90                __libnx_init_time
 *fill*         0x0000000000009eb8        0x8 
 .text.newlibSetup
                0x0000000000009ec0       0x84 C:/devkitPro/libnx/lib\libnx.a(newlib.o)
                0x0000000000009ec0                newlibSetup
 *fill*         0x0000000000009f44        0xc 
 .text.argvSetup
                0x0000000000009f50      0x2f8 C:/devkitPro/libnx/lib\libnx.a(argv.o)
                0x0000000000009f50                argvSetup
 *fill*         0x000000000000a248        0x8 
 .text.fsdev_link
                0x000000000000a250       0x14 C:/devkitPro/libnx/lib\libnx.a(fs_dev.o)
 *fill*         0x000000000000a264        0xc 
 .text.fsdev_dirreset
                0x000000000000a270       0x14 C:/devkitPro/libnx/lib\libnx.a(fs_dev.o)
 *fill*         0x000000000000a284        0xc 
 .text.fsdev_chmod
                0x000000000000a290       0x14 C:/devkitPro/libnx/lib\libnx.a(fs_dev.o)
 *fill*         0x000000000000a2a4        0xc 
 .text.error_cmp
                0x000000000000a2b0       0x18 C:/devkitPro/libnx/lib\libnx.a(fs_dev.o)
 *fill*         0x000000000000a2c8        0x8 
 .text.fsdev_dirclose
                0x000000000000a2d0       0x20 C:/devkitPro/libnx/lib\libnx.a(fs_dev.o)
 .text.fsdev_close
                0x000000000000a2f0       0x1c C:/devkitPro/libnx/lib\libnx.a(fs_dev.o)
 *fill*         0x000000000000a30c        0x4 
 .text.fsdev_converttimetoutc
                0x000000000000a310       0x80 C:/devkitPro/libnx/lib\libnx.a(fs_dev.o)
 .text.fsdevFindDevice.part.0
                0x000000000000a390       0xe0 C:/devkitPro/libnx/lib\libnx.a(fs_dev.o)
 .text.fsdev_fixpath
                0x000000000000a470      0x1c0 C:/devkitPro/libnx/lib\libnx.a(fs_dev.o)
 .text._fsdevUnmountDeviceStruct.part.0
                0x000000000000a630       0xa0 C:/devkitPro/libnx/lib\libnx.a(fs_dev.o)
 .text.fsdev_fchmod
                0x000000000000a6d0       0x14 C:/devkitPro/libnx/lib\libnx.a(fs_dev.o)
 *fill*         0x000000000000a6e4        0xc 
 .text.fsdev_diropen
                0x000000000000a6f0      0x108 C:/devkitPro/libnx/lib\libnx.a(fs_dev.o)
 *fill*         0x000000000000a7f8        0x8 
 .text.fsdev_statvfs
                0x000000000000a800       0xfc C:/devkitPro/libnx/lib\libnx.a(fs_dev.o)
 *fill*         0x000000000000a8fc        0x4 
 .text.fsdev_fsync
                0x000000000000a900       0x7c C:/devkitPro/libnx/lib\libnx.a(fs_dev.o)
 *fill*         0x000000000000a97c        0x4 
 .text.fsdev_fstat
                0x000000000000a980       0xf4 C:/devkitPro/libnx/lib\libnx.a(fs_dev.o)
 *fill*         0x000000000000aa74        0xc 
 .text.fsdev_ftruncate
                0x000000000000aa80       0x94 C:/devkitPro/libnx/lib\libnx.a(fs_dev.o)
 *fill*         0x000000000000ab14        0xc 
 .text.fsdev_stat
                0x000000000000ab20      0x1fc C:/devkitPro/libnx/lib\libnx.a(fs_dev.o)
 *fill*         0x000000000000ad1c        0x4 
 .text.fsdev_rename
                0x000000000000ad20      0x14c C:/devkitPro/libnx/lib\libnx.a(fs_dev.o)
 *fill*         0x000000000000ae6c        0x4 
 .text.fsdev_chdir
                0x000000000000ae70      0x140 C:/devkitPro/libnx/lib\libnx.a(fs_dev.o)
 .text.fsdev_mkdir
                0x000000000000afb0       0xa4 C:/devkitPro/libnx/lib\libnx.a(fs_dev.o)
 *fill*         0x000000000000b054        0xc 
 .text.fsdev_unlink
                0x000000000000b060       0xa4 C:/devkitPro/libnx/lib\libnx.a(fs_dev.o)
 *fill*         0x000000000000b104        0xc 
 .text.fsdev_rmdir
                0x000000000000b110       0xa4 C:/devkitPro/libnx/lib\libnx.a(fs_dev.o)
 *fill*         0x000000000000b1b4        0xc 
 .text.fsdev_write_safe
                0x000000000000b1c0      0x144 C:/devkitPro/libnx/lib\libnx.a(fs_dev.o)
 *fill*         0x000000000000b304        0xc 
 .text.fsdev_read_safe
                0x000000000000b310      0x13c C:/devkitPro/libnx/lib\libnx.a(fs_dev.o)
 *fill*         0x000000000000b44c        0x4 
 .text.fsdev_read
                0x000000000000b450      0x100 C:/devkitPro/libnx/lib\libnx.a(fs_dev.o)
 .text.fsdev_dirnext
                0x000000000000b550      0x1b8 C:/devkitPro/libnx/lib\libnx.a(fs_dev.o)
 *fill*         0x000000000000b708        0x8 
 .text.fsdev_write
                0x000000000000b710      0x124 C:/devkitPro/libnx/lib\libnx.a(fs_dev.o)
 *fill*         0x000000000000b834        0xc 
 .text.fsdev_seek
                0x000000000000b840       0xec C:/devkitPro/libnx/lib\libnx.a(fs_dev.o)
 *fill*         0x000000000000b92c        0x4 
 .text.fsdev_open
                0x000000000000b930      0x244 C:/devkitPro/libnx/lib\libnx.a(fs_dev.o)
 *fill*         0x000000000000bb74        0xc 
 .text.fsdevMountDevice
                0x000000000000bb80      0x224 C:/devkitPro/libnx/lib\libnx.a(fs_dev.o)
                0x000000000000bb80                fsdevMountDevice
 *fill*         0x000000000000bda4        0xc 
 .text.fsdevMountSdmc
                0x000000000000bdb0       0x40 C:/devkitPro/libnx/lib\libnx.a(fs_dev.o)
                0x000000000000bdb0                fsdevMountSdmc
 .text.__libnx_init_cwd
                0x000000000000bdf0       0xc0 C:/devkitPro/libnx/lib\libnx.a(fs_dev.o)
                0x000000000000bdf0                __libnx_init_cwd
 .text.fsdevUnmountAll
                0x000000000000beb0       0x64 C:/devkitPro/libnx/lib\libnx.a(fs_dev.o)
                0x000000000000beb0                fsdevUnmountAll
 *fill*         0x000000000000bf14        0xc 
 .text.decode_utf8
                0x000000000000bf20      0x12c C:/devkitPro/libnx/lib\libnx.a(decode_utf8.o)
                0x000000000000bf20                decode_utf8
 .text.armDCacheFlush
                0x000000000000c04c       0x4c C:/devkitPro/libnx/lib\libnx.a(cache.o)
                0x000000000000c04c                armDCacheFlush
 .text.__libnx_exception_entry
                0x000000000000c098      0x1c0 C:/devkitPro/libnx/lib\libnx.a(exception.o)
                0x000000000000c098                __libnx_exception_entry
 .text.__libnx_exception_returnentry
                0x000000000000c258       0x18 C:/devkitPro/libnx/lib\libnx.a(exception.o)
                0x000000000000c258                __libnx_exception_returnentry
 .text.__aarch64_read_tp
                0x000000000000c270        0xc C:/devkitPro/libnx/lib\libnx.a(readtp.o)
                0x000000000000c270                __aarch64_read_tp
 *fill*         0x000000000000c27c        0x4 
 .text.shmemLoadRemote
                0x000000000000c280       0x14 C:/devkitPro/libnx/lib\libnx.a(shmem.o)
                0x000000000000c280                shmemLoadRemote
 *fill*         0x000000000000c294        0xc 
 .text.shmemMap
                0x000000000000c2a0       0x88 C:/devkitPro/libnx/lib\libnx.a(shmem.o)
                0x000000000000c2a0                shmemMap
 *fill*         0x000000000000c328        0x8 
 .text.shmemUnmap
                0x000000000000c330       0x34 C:/devkitPro/libnx/lib\libnx.a(shmem.o)
                0x000000000000c330                shmemUnmap
 *fill*         0x000000000000c364        0xc 
 .text.shmemClose
                0x000000000000c370       0x44 C:/devkitPro/libnx/lib\libnx.a(shmem.o)
                0x000000000000c370                shmemClose
 *fill*         0x000000000000c3b4        0xc 
 .text.condvarWaitTimeout
                0x000000000000c3c0       0x64 C:/devkitPro/libnx/lib\libnx.a(condvar.o)
                0x000000000000c3c0                condvarWaitTimeout
 *fill*         0x000000000000c424        0xc 
 .text.__libnx_init_thread
                0x000000000000c430       0xb0 C:/devkitPro/libnx/lib\libnx.a(thread.o)
                0x000000000000c430                __libnx_init_thread
 .text.threadTlsGet
                0x000000000000c4e0       0x10 C:/devkitPro/libnx/lib\libnx.a(thread.o)
                0x000000000000c4e0                threadTlsGet
 .text.threadTlsSet
                0x000000000000c4f0       0x10 C:/devkitPro/libnx/lib\libnx.a(thread.o)
                0x000000000000c4f0                threadTlsSet
 .text.threadTlsAlloc
                0x000000000000c500       0xd8 C:/devkitPro/libnx/lib\libnx.a(thread.o)
                0x000000000000c500                threadTlsAlloc
 *fill*         0x000000000000c5d8        0x8 
 .text.threadTlsFree
                0x000000000000c5e0       0x48 C:/devkitPro/libnx/lib\libnx.a(thread.o)
                0x000000000000c5e0                threadTlsFree
 *fill*         0x000000000000c628        0x8 
 .text._viCleanup
                0x000000000000c630      0x1dc C:/devkitPro/libnx/lib\libnx.a(vi.o)
 *fill*         0x000000000000c80c        0x4 
 .text._viCmdGetSessionNoParams.constprop.0
                0x000000000000c810      0x100 C:/devkitPro/libnx/lib\libnx.a(vi.o)
 .text._viCmdGetSession.constprop.0
                0x000000000000c910       0xfc C:/devkitPro/libnx/lib\libnx.a(vi.o)
 *fill*         0x000000000000ca0c        0x4 
 .text.viInitialize
                0x000000000000ca10      0x28c C:/devkitPro/libnx/lib\libnx.a(vi.o)
                0x000000000000ca10                viInitialize
 *fill*         0x000000000000cc9c        0x4 
 .text.viExit   0x000000000000cca0       0x44 C:/devkitPro/libnx/lib\libnx.a(vi.o)
                0x000000000000cca0                viExit
 *fill*         0x000000000000cce4        0xc 
 .text.viGetSession_IHOSBinderDriverRelay
                0x000000000000ccf0        0xc C:/devkitPro/libnx/lib\libnx.a(vi.o)
                0x000000000000ccf0                viGetSession_IHOSBinderDriverRelay
 *fill*         0x000000000000ccfc        0x4 
 .text.viOpenDisplay
                0x000000000000cd00      0x110 C:/devkitPro/libnx/lib\libnx.a(vi.o)
                0x000000000000cd00                viOpenDisplay
 .text.viCloseDisplay
                0x000000000000ce10       0xf4 C:/devkitPro/libnx/lib\libnx.a(vi.o)
                0x000000000000ce10                viCloseDisplay
 *fill*         0x000000000000cf04        0xc 
 .text.viCloseLayer
                0x000000000000cf10       0xfc C:/devkitPro/libnx/lib\libnx.a(vi.o)
                0x000000000000cf10                viCloseLayer
 *fill*         0x000000000000d00c        0x4 
 .text.viCreateLayer
                0x000000000000d010      0x378 C:/devkitPro/libnx/lib\libnx.a(vi.o)
                0x000000000000d010                viCreateLayer
 *fill*         0x000000000000d388        0x8 
 .text.viSetLayerScalingMode
                0x000000000000d390       0xd8 C:/devkitPro/libnx/lib\libnx.a(vi.o)
                0x000000000000d390                viSetLayerScalingMode
 *fill*         0x000000000000d468        0x8 
 .text._nvSetClientPID
                0x000000000000d470       0xd0 C:/devkitPro/libnx/lib\libnx.a(nv.o)
 .text._nvCleanup
                0x000000000000d540       0xc8 C:/devkitPro/libnx/lib\libnx.a(nv.o)
 *fill*         0x000000000000d608        0x8 
 .text._nvCmdInitialize.constprop.0
                0x000000000000d610       0xd8 C:/devkitPro/libnx/lib\libnx.a(nv.o)
 *fill*         0x000000000000d6e8        0x8 
 .text.__nx_nv_create_tmem
                0x000000000000d6f0       0x1c C:/devkitPro/libnx/lib\libnx.a(nv.o)
                0x000000000000d6f0                __nx_nv_create_tmem
 *fill*         0x000000000000d70c        0x4 
 .text.nvInitialize
                0x000000000000d710      0x258 C:/devkitPro/libnx/lib\libnx.a(nv.o)
                0x000000000000d710                nvInitialize
 *fill*         0x000000000000d968        0x8 
 .text.nvExit   0x000000000000d970       0x44 C:/devkitPro/libnx/lib\libnx.a(nv.o)
                0x000000000000d970                nvExit
 *fill*         0x000000000000d9b4        0xc 
 .text.nvConvertError
                0x000000000000d9c0       0xf4 C:/devkitPro/libnx/lib\libnx.a(nv.o)
                0x000000000000d9c0                nvConvertError
 *fill*         0x000000000000dab4        0xc 
 .text.nvOpen   0x000000000000dac0      0x118 C:/devkitPro/libnx/lib\libnx.a(nv.o)
                0x000000000000dac0                nvOpen
 *fill*         0x000000000000dbd8        0x8 
 .text.nvIoctl  0x000000000000dbe0      0x2fc C:/devkitPro/libnx/lib\libnx.a(nv.o)
                0x000000000000dbe0                nvIoctl
 *fill*         0x000000000000dedc        0x4 
 .text.nvClose  0x000000000000dee0       0xd8 C:/devkitPro/libnx/lib\libnx.a(nv.o)
                0x000000000000dee0                nvClose
 *fill*         0x000000000000dfb8        0x8 
 .text.nvQueryEvent
                0x000000000000dfc0      0x108 C:/devkitPro/libnx/lib\libnx.a(nv.o)
                0x000000000000dfc0                nvQueryEvent
 *fill*         0x000000000000e0c8        0x8 
 .text._fsCleanup
                0x000000000000e0d0       0xb4 C:/devkitPro/libnx/lib\libnx.a(fs.o)
 *fill*         0x000000000000e184        0xc 
 .text._fsCmdNoIO
                0x000000000000e190      0x1a8 C:/devkitPro/libnx/lib\libnx.a(fs.o)
 *fill*         0x000000000000e338        0x8 
 .text._fsFsCmdWithInPath
                0x000000000000e340      0x1d8 C:/devkitPro/libnx/lib\libnx.a(fs.o)
 *fill*         0x000000000000e518        0x8 
 .text._fsFsCmdWithTwoInPaths
                0x000000000000e520      0x1f4 C:/devkitPro/libnx/lib\libnx.a(fs.o)
 *fill*         0x000000000000e714        0xc 
 .text._fsFsOpenCommon
                0x000000000000e720      0x25c C:/devkitPro/libnx/lib\libnx.a(fs.o)
 *fill*         0x000000000000e97c        0x4 
 .text._fsFsCmdWithInPathAndOutU64
                0x000000000000e980      0x1ec C:/devkitPro/libnx/lib\libnx.a(fs.o)
 *fill*         0x000000000000eb6c        0x4 
 .text._fsObjectClose
                0x000000000000eb70       0xf4 C:/devkitPro/libnx/lib\libnx.a(fs.o)
 *fill*         0x000000000000ec64        0xc 
 .text._fsCmdGetSession.constprop.0
                0x000000000000ec70      0x1f4 C:/devkitPro/libnx/lib\libnx.a(fs.o)
 *fill*         0x000000000000ee64        0xc 
 .text.fsInitialize
                0x000000000000ee70      0x2f8 C:/devkitPro/libnx/lib\libnx.a(fs.o)
                0x000000000000ee70                fsInitialize
 *fill*         0x000000000000f168        0x8 
 .text.fsExit   0x000000000000f170       0x44 C:/devkitPro/libnx/lib\libnx.a(fs.o)
                0x000000000000f170                fsExit
 *fill*         0x000000000000f1b4        0xc 
 .text.fsOpenSdCardFileSystem
                0x000000000000f1c0        0x8 C:/devkitPro/libnx/lib\libnx.a(fs.o)
                0x000000000000f1c0                fsOpenSdCardFileSystem
 *fill*         0x000000000000f1c8        0x8 
 .text.fsFsCreateFile
                0x000000000000f1d0      0x1f0 C:/devkitPro/libnx/lib\libnx.a(fs.o)
                0x000000000000f1d0                fsFsCreateFile
 .text.fsFsDeleteFile
                0x000000000000f3c0        0x8 C:/devkitPro/libnx/lib\libnx.a(fs.o)
                0x000000000000f3c0                fsFsDeleteFile
 *fill*         0x000000000000f3c8        0x8 
 .text.fsFsCreateDirectory
                0x000000000000f3d0        0x8 C:/devkitPro/libnx/lib\libnx.a(fs.o)
                0x000000000000f3d0                fsFsCreateDirectory
 *fill*         0x000000000000f3d8        0x8 
 .text.fsFsDeleteDirectory
                0x000000000000f3e0        0x8 C:/devkitPro/libnx/lib\libnx.a(fs.o)
                0x000000000000f3e0                fsFsDeleteDirectory
 *fill*         0x000000000000f3e8        0x8 
 .text.fsFsRenameFile
                0x000000000000f3f0        0x8 C:/devkitPro/libnx/lib\libnx.a(fs.o)
                0x000000000000f3f0                fsFsRenameFile
 *fill*         0x000000000000f3f8        0x8 
 .text.fsFsRenameDirectory
                0x000000000000f400        0x8 C:/devkitPro/libnx/lib\libnx.a(fs.o)
                0x000000000000f400                fsFsRenameDirectory
 *fill*         0x000000000000f408        0x8 
 .text.fsFsGetEntryType
                0x000000000000f410      0x1f0 C:/devkitPro/libnx/lib\libnx.a(fs.o)
                0x000000000000f410                fsFsGetEntryType
 .text.fsFsOpenFile
                0x000000000000f600        0x8 C:/devkitPro/libnx/lib\libnx.a(fs.o)
                0x000000000000f600                fsFsOpenFile
 *fill*         0x000000000000f608        0x8 
 .text.fsFsOpenDirectory
                0x000000000000f610        0x8 C:/devkitPro/libnx/lib\libnx.a(fs.o)
                0x000000000000f610                fsFsOpenDirectory
 *fill*         0x000000000000f618        0x8 
 .text.fsFsGetFreeSpace
                0x000000000000f620        0x8 C:/devkitPro/libnx/lib\libnx.a(fs.o)
                0x000000000000f620                fsFsGetFreeSpace
 *fill*         0x000000000000f628        0x8 
 .text.fsFsGetTotalSpace
                0x000000000000f630        0x8 C:/devkitPro/libnx/lib\libnx.a(fs.o)
                0x000000000000f630                fsFsGetTotalSpace
 *fill*         0x000000000000f638        0x8 
 .text.fsFsGetFileTimeStampRaw
                0x000000000000f640      0x230 C:/devkitPro/libnx/lib\libnx.a(fs.o)
                0x000000000000f640                fsFsGetFileTimeStampRaw
 .text.fsFsClose
                0x000000000000f870        0x4 C:/devkitPro/libnx/lib\libnx.a(fs.o)
                0x000000000000f870                fsFsClose
 *fill*         0x000000000000f874        0xc 
 .text.fsFileRead
                0x000000000000f880      0x218 C:/devkitPro/libnx/lib\libnx.a(fs.o)
                0x000000000000f880                fsFileRead
 *fill*         0x000000000000fa98        0x8 
 .text.fsFileWrite
                0x000000000000faa0      0x200 C:/devkitPro/libnx/lib\libnx.a(fs.o)
                0x000000000000faa0                fsFileWrite
 .text.fsFileFlush
                0x000000000000fca0        0x8 C:/devkitPro/libnx/lib\libnx.a(fs.o)
                0x000000000000fca0                fsFileFlush
 *fill*         0x000000000000fca8        0x8 
 .text.fsFileSetSize
                0x000000000000fcb0      0x1b8 C:/devkitPro/libnx/lib\libnx.a(fs.o)
                0x000000000000fcb0                fsFileSetSize
 *fill*         0x000000000000fe68        0x8 
 .text.fsFileGetSize
                0x000000000000fe70      0x1c4 C:/devkitPro/libnx/lib\libnx.a(fs.o)
                0x000000000000fe70                fsFileGetSize
 *fill*         0x0000000000010034        0xc 
 .text.fsFileClose
                0x0000000000010040        0x4 C:/devkitPro/libnx/lib\libnx.a(fs.o)
                0x0000000000010040                fsFileClose
 *fill*         0x0000000000010044        0xc 
 .text.fsDirClose
                0x0000000000010050        0x4 C:/devkitPro/libnx/lib\libnx.a(fs.o)
                0x0000000000010050                fsDirClose
 *fill*         0x0000000000010054        0xc 
 .text.fsDirRead
                0x0000000000010060      0x1fc C:/devkitPro/libnx/lib\libnx.a(fs.o)
                0x0000000000010060                fsDirRead
 *fill*         0x000000000001025c        0x4 
 .text._setsysGetFirmwareVersionImpl
                0x0000000000010260       0xd4 C:/devkitPro/libnx/lib\libnx.a(set.o)
 *fill*         0x0000000000010334        0xc 
 .text._setsysCleanup
                0x0000000000010340       0x68 C:/devkitPro/libnx/lib\libnx.a(set.o)
 *fill*         0x00000000000103a8        0x8 
 .text.setsysInitialize
                0x00000000000103b0       0xa0 C:/devkitPro/libnx/lib\libnx.a(set.o)
                0x00000000000103b0                setsysInitialize
 .text.setsysExit
                0x0000000000010450       0x44 C:/devkitPro/libnx/lib\libnx.a(set.o)
                0x0000000000010450                setsysExit
 *fill*         0x0000000000010494        0xc 
 .text.setsysGetFirmwareVersion
                0x00000000000104a0       0x44 C:/devkitPro/libnx/lib\libnx.a(set.o)
                0x00000000000104a0                setsysGetFirmwareVersion
 *fill*         0x00000000000104e4        0xc 
 .text._timeCleanup
                0x00000000000104f0      0x228 C:/devkitPro/libnx/lib\libnx.a(time.o)
 *fill*         0x0000000000010718        0x8 
 .text._timeCmdGetSession.constprop.0
                0x0000000000010720      0x100 C:/devkitPro/libnx/lib\libnx.a(time.o)
 .text._timeGetSharedMemoryNativeHandle.constprop.0
                0x0000000000010820       0xcc C:/devkitPro/libnx/lib\libnx.a(time.o)
 *fill*         0x00000000000108ec        0x4 
 .text._timeCmdNoInOutU64.constprop.0.isra.0
                0x00000000000108f0       0xc4 C:/devkitPro/libnx/lib\libnx.a(time.o)
 *fill*         0x00000000000109b4        0xc 
 .text._timeReadClockFromSharedMem
                0x00000000000109c0      0x110 C:/devkitPro/libnx/lib\libnx.a(time.o)
 .text.timeInitialize
                0x0000000000010ad0      0x238 C:/devkitPro/libnx/lib\libnx.a(time.o)
                0x0000000000010ad0                timeInitialize
 *fill*         0x0000000000010d08        0x8 
 .text.timeExit
                0x0000000000010d10       0x44 C:/devkitPro/libnx/lib\libnx.a(time.o)
                0x0000000000010d10                timeExit
 *fill*         0x0000000000010d54        0xc 
 .text.timeGetServiceSession_SystemClock
                0x0000000000010d60       0x38 C:/devkitPro/libnx/lib\libnx.a(time.o)
                0x0000000000010d60                timeGetServiceSession_SystemClock
 *fill*         0x0000000000010d98        0x8 
 .text.timeGetCurrentTime
                0x0000000000010da0       0x68 C:/devkitPro/libnx/lib\libnx.a(time.o)
                0x0000000000010da0                timeGetCurrentTime
 *fill*         0x0000000000010e08        0x8 
 .text.timeToCalendarTimeWithMyRule
                0x0000000000010e10      0x110 C:/devkitPro/libnx/lib\libnx.a(time.o)
                0x0000000000010e10                timeToCalendarTimeWithMyRule
 .text.timeToPosixTimeWithMyRule
                0x0000000000010f20      0x104 C:/devkitPro/libnx/lib\libnx.a(time.o)
                0x0000000000010f20                timeToPosixTimeWithMyRule
 *fill*         0x0000000000011024        0xc 
 .text._nvFenceCleanup
                0x0000000000011030       0x7c C:/devkitPro/libnx/lib\libnx.a(fence.o)
 *fill*         0x00000000000110ac        0x4 
 .text.nvFenceInit
                0x00000000000110b0       0x98 C:/devkitPro/libnx/lib\libnx.a(fence.o)
                0x00000000000110b0                nvFenceInit
 *fill*         0x0000000000011148        0x8 
 .text.nvFenceExit
                0x0000000000011150       0x44 C:/devkitPro/libnx/lib\libnx.a(fence.o)
                0x0000000000011150                nvFenceExit
 *fill*         0x0000000000011194        0xc 
 .text.nvFenceWait
                0x00000000000111a0      0x240 C:/devkitPro/libnx/lib\libnx.a(fence.o)
                0x00000000000111a0                nvFenceWait
 .text.nvMultiFenceWait
                0x00000000000113e0       0x74 C:/devkitPro/libnx/lib\libnx.a(fence.o)
                0x00000000000113e0                nvMultiFenceWait
 *fill*         0x0000000000011454        0xc 
 .text.nvMapInit
                0x0000000000011460       0xb4 C:/devkitPro/libnx/lib\libnx.a(map.o)
                0x0000000000011460                nvMapInit
 *fill*         0x0000000000011514        0xc 
 .text.nvMapExit
                0x0000000000011520       0x6c C:/devkitPro/libnx/lib\libnx.a(map.o)
                0x0000000000011520                nvMapExit
 *fill*         0x000000000001158c        0x4 
 .text.nvMapClose
                0x0000000000011590       0x80 C:/devkitPro/libnx/lib\libnx.a(map.o)
                0x0000000000011590                nvMapClose
 .text.nvMapCreate
                0x0000000000011610      0x154 C:/devkitPro/libnx/lib\libnx.a(map.o)
                0x0000000000011610                nvMapCreate
 *fill*         0x0000000000011764        0xc 
 .text.nvioctlNvhostCtrl_EventSignal
                0x0000000000011770       0x28 C:/devkitPro/libnx/lib\libnx.a(nvhost-ctrl.o)
                0x0000000000011770                nvioctlNvhostCtrl_EventSignal
 *fill*         0x0000000000011798        0x8 
 .text.nvioctlNvhostCtrl_EventWait
                0x00000000000117a0       0x44 C:/devkitPro/libnx/lib\libnx.a(nvhost-ctrl.o)
                0x00000000000117a0                nvioctlNvhostCtrl_EventWait
 *fill*         0x00000000000117e4        0xc 
 .text.nvioctlNvhostCtrl_EventWaitAsync
                0x00000000000117f0       0x30 C:/devkitPro/libnx/lib\libnx.a(nvhost-ctrl.o)
                0x00000000000117f0                nvioctlNvhostCtrl_EventWaitAsync
 .text.nvioctlNvhostCtrl_EventRegister
                0x0000000000011820       0x28 C:/devkitPro/libnx/lib\libnx.a(nvhost-ctrl.o)
                0x0000000000011820                nvioctlNvhostCtrl_EventRegister
 *fill*         0x0000000000011848        0x8 
 .text.nvioctlNvhostCtrl_EventUnregister
                0x0000000000011850       0x28 C:/devkitPro/libnx/lib\libnx.a(nvhost-ctrl.o)
                0x0000000000011850                nvioctlNvhostCtrl_EventUnregister
 *fill*         0x0000000000011878        0x8 
 .text.nvioctlNvmap_Create
                0x0000000000011880       0x40 C:/devkitPro/libnx/lib\libnx.a(nvmap.o)
                0x0000000000011880                nvioctlNvmap_Create
 .text.nvioctlNvmap_Alloc
                0x00000000000118c0       0x38 C:/devkitPro/libnx/lib\libnx.a(nvmap.o)
                0x00000000000118c0                nvioctlNvmap_Alloc
 *fill*         0x00000000000118f8        0x8 
 .text.nvioctlNvmap_Free
                0x0000000000011900       0x34 C:/devkitPro/libnx/lib\libnx.a(nvmap.o)
                0x0000000000011900                nvioctlNvmap_Free
 *fill*         0x0000000000011934        0xc 
 .text.nvioctlNvmap_GetId
                0x0000000000011940       0x40 C:/devkitPro/libnx/lib\libnx.a(nvmap.o)
                0x0000000000011940                nvioctlNvmap_GetId
 .text.bqRequestBuffer
                0x0000000000011980       0xd8 C:/devkitPro/libnx/lib\libnx.a(buffer_producer.o)
                0x0000000000011980                bqRequestBuffer
 *fill*         0x0000000000011a58        0x8 
 .text.bqDequeueBuffer
                0x0000000000011a60      0x160 C:/devkitPro/libnx/lib\libnx.a(buffer_producer.o)
                0x0000000000011a60                bqDequeueBuffer
 .text.bqQueueBuffer
                0x0000000000011bc0       0xdc C:/devkitPro/libnx/lib\libnx.a(buffer_producer.o)
                0x0000000000011bc0                bqQueueBuffer
 *fill*         0x0000000000011c9c        0x4 
 .text.bqCancelBuffer
                0x0000000000011ca0       0x94 C:/devkitPro/libnx/lib\libnx.a(buffer_producer.o)
                0x0000000000011ca0                bqCancelBuffer
 *fill*         0x0000000000011d34        0xc 
 .text.bqConnect
                0x0000000000011d40       0xe4 C:/devkitPro/libnx/lib\libnx.a(buffer_producer.o)
                0x0000000000011d40                bqConnect
 *fill*         0x0000000000011e24        0xc 
 .text.bqDisconnect
                0x0000000000011e30       0x9c C:/devkitPro/libnx/lib\libnx.a(buffer_producer.o)
                0x0000000000011e30                bqDisconnect
 *fill*         0x0000000000011ecc        0x4 
 .text.bqSetPreallocatedBuffer
                0x0000000000011ed0      0x17c C:/devkitPro/libnx/lib\libnx.a(buffer_producer.o)
                0x0000000000011ed0                bqSetPreallocatedBuffer
 *fill*         0x000000000001204c        0x4 
 .text.binderCreate
                0x0000000000012050       0x1c C:/devkitPro/libnx/lib\libnx.a(binder.o)
                0x0000000000012050                binderCreate
 *fill*         0x000000000001206c        0x4 
 .text.binderTransactParcel
                0x0000000000012070      0x3d0 C:/devkitPro/libnx/lib\libnx.a(binder.o)
                0x0000000000012070                binderTransactParcel
 .text.binderConvertErrorCode
                0x0000000000012440       0xe8 C:/devkitPro/libnx/lib\libnx.a(binder.o)
                0x0000000000012440                binderConvertErrorCode
 *fill*         0x0000000000012528        0x8 
 .text.binderAdjustRefcount
                0x0000000000012530      0x124 C:/devkitPro/libnx/lib\libnx.a(binder.o)
                0x0000000000012530                binderAdjustRefcount
 *fill*         0x0000000000012654        0xc 
 .text.binderInitSession
                0x0000000000012660       0x98 C:/devkitPro/libnx/lib\libnx.a(binder.o)
                0x0000000000012660                binderInitSession
 *fill*         0x00000000000126f8        0x8 
 .text.binderClose
                0x0000000000012700       0x68 C:/devkitPro/libnx/lib\libnx.a(binder.o)
                0x0000000000012700                binderClose
 *fill*         0x0000000000012768        0x8 
 .text.binderGetNativeHandle
                0x0000000000012770      0x158 C:/devkitPro/libnx/lib\libnx.a(binder.o)
                0x0000000000012770                binderGetNativeHandle
 *fill*         0x00000000000128c8        0x8 
 .text.parcelCreate
                0x00000000000128d0       0x30 C:/devkitPro/libnx/lib\libnx.a(parcel.o)
                0x00000000000128d0                parcelCreate
 .text.parcelTransact
                0x0000000000012900      0x19c C:/devkitPro/libnx/lib\libnx.a(parcel.o)
                0x0000000000012900                parcelTransact
 *fill*         0x0000000000012a9c        0x4 
 .text.parcelWriteData
                0x0000000000012aa0       0x88 C:/devkitPro/libnx/lib\libnx.a(parcel.o)
                0x0000000000012aa0                parcelWriteData
 *fill*         0x0000000000012b28        0x8 
 .text.parcelReadData
                0x0000000000012b30       0x98 C:/devkitPro/libnx/lib\libnx.a(parcel.o)
                0x0000000000012b30                parcelReadData
 *fill*         0x0000000000012bc8        0x8 
 .text.parcelWriteInt32
                0x0000000000012bd0       0x20 C:/devkitPro/libnx/lib\libnx.a(parcel.o)
                0x0000000000012bd0                parcelWriteInt32
 .text.parcelWriteUInt32
                0x0000000000012bf0       0x20 C:/devkitPro/libnx/lib\libnx.a(parcel.o)
                0x0000000000012bf0                parcelWriteUInt32
 .text.parcelWriteString16
                0x0000000000012c10       0x7c C:/devkitPro/libnx/lib\libnx.a(parcel.o)
                0x0000000000012c10                parcelWriteString16
 *fill*         0x0000000000012c8c        0x4 
 .text.parcelWriteInterfaceToken
                0x0000000000012c90       0x30 C:/devkitPro/libnx/lib\libnx.a(parcel.o)
                0x0000000000012c90                parcelWriteInterfaceToken
 .text.parcelReadInt32
                0x0000000000012cc0       0x24 C:/devkitPro/libnx/lib\libnx.a(parcel.o)
                0x0000000000012cc0                parcelReadInt32
 *fill*         0x0000000000012ce4        0xc 
 .text.parcelReadFlattenedObject
                0x0000000000012cf0       0x68 C:/devkitPro/libnx/lib\libnx.a(parcel.o)
                0x0000000000012cf0                parcelReadFlattenedObject
 *fill*         0x0000000000012d58        0x8 
 .text.parcelWriteFlattenedObject
                0x0000000000012d60       0x4c C:/devkitPro/libnx/lib\libnx.a(parcel.o)
                0x0000000000012d60                parcelWriteFlattenedObject
 *fill*         0x0000000000012dac        0x4 
 .text.nxlinkSetup
                0x0000000000012db0       0xc4 C:/devkitPro/libnx/lib\libnx.a(nxlink.o)
                0x0000000000012db0                nxlinkSetup
 *fill*         0x0000000000012e74        0xc 
 .text.sessionmgrCreate
                0x0000000000012e80      0x178 C:/devkitPro/libnx/lib\libnx.a(sessionmgr.o)
                0x0000000000012e80                sessionmgrCreate
 *fill*         0x0000000000012ff8        0x8 
 .text.sessionmgrClose
                0x0000000000013000       0x84 C:/devkitPro/libnx/lib\libnx.a(sessionmgr.o)
                0x0000000000013000                sessionmgrClose
 *fill*         0x0000000000013084        0xc 
 .text.sessionmgrAttachClient
                0x0000000000013090       0xb4 C:/devkitPro/libnx/lib\libnx.a(sessionmgr.o)
                0x0000000000013090                sessionmgrAttachClient
 *fill*         0x0000000000013144        0xc 
 .text.sessionmgrDetachClient
                0x0000000000013150       0x70 C:/devkitPro/libnx/lib\libnx.a(sessionmgr.o)
                0x0000000000013150                sessionmgrDetachClient
 .text._ZNSt7__cxx1112basic_stringIcSt11char_traitsIcESaIcEE9_M_createERmm
                0x00000000000131c0       0x5c C:/devkitPro/devkitA64/bin/../lib/gcc/aarch64-none-elf/13.1.0/../../../../aarch64-none-elf/lib/pic\libstdc++.a(string-inst.o)
                0x00000000000131c0                std::__cxx11::basic_string<char, std::char_traits<char>, std::allocator<char> >::_M_create(unsigned long&, unsigned long)
 *fill*         0x000000000001321c        0x4 
 .text._ZNSt7__cxx1112basic_stringIcSt11char_traitsIcESaIcEE10_M_disposeEv
                0x0000000000013220       0x18 C:/devkitPro/devkitA64/bin/../lib/gcc/aarch64-none-elf/13.1.0/../../../../aarch64-none-elf/lib/pic\libstdc++.a(string-inst.o)
                0x0000000000013220                std::__cxx11::basic_string<char, std::char_traits<char>, std::allocator<char> >::_M_dispose()
 *fill*         0x0000000000013238        0x8 
 .text._ZNSt7__cxx1112basic_stringIcSt11char_traitsIcESaIcEE12_M_constructEmc
                0x0000000000013240       0x98 C:/devkitPro/devkitA64/bin/../lib/gcc/aarch64-none-elf/13.1.0/../../../../aarch64-none-elf/lib/pic\libstdc++.a(string-inst.o)
                0x0000000000013240                std::__cxx11::basic_string<char, std::char_traits<char>, std::allocator<char> >::_M_construct(unsigned long, char)
 *fill*         0x00000000000132d8        0x8 
 .text._ZNSt7__cxx1112basic_stringIcSt11char_traitsIcESaIcEE9_M_mutateEmmPKcm
                0x00000000000132e0      0x124 C:/devkitPro/devkitA64/bin/../lib/gcc/aarch64-none-elf/13.1.0/../../../../aarch64-none-elf/lib/pic\libstdc++.a(string-inst.o)
                0x00000000000132e0                std::__cxx11::basic_string<char, std::char_traits<char>, std::allocator<char> >::_M_mutate(unsigned long, unsigned long, char const*, unsigned long)
 *fill*         0x0000000000013404        0xc 
 .text._ZNSt7__cxx1112basic_stringIcSt11char_traitsIcESaIcEEC2EOS4_
                0x0000000000013410       0x88 C:/devkitPro/devkitA64/bin/../lib/gcc/aarch64-none-elf/13.1.0/../../../../aarch64-none-elf/lib/pic\libstdc++.a(string-inst.o)
                0x0000000000013410                std::__cxx11::basic_string<char, std::char_traits<char>, std::allocator<char> >::basic_string(std::__cxx11::basic_string<char, std::char_traits<char>, std::allocator<char> >&&)
                0x0000000000013410                std::__cxx11::basic_string<char, std::char_traits<char>, std::allocator<char> >::basic_string(std::__cxx11::basic_string<char, std::char_traits<char>, std::allocator<char> >&&)
 *fill*         0x0000000000013498        0x8 
 .text._ZNSt7__cxx1112basic_stringIcSt11char_traitsIcESaIcEE10_M_replaceEmmPKcm
                0x00000000000134a0      0x19c C:/devkitPro/devkitA64/bin/../lib/gcc/aarch64-none-elf/13.1.0/../../../../aarch64-none-elf/lib/pic\libstdc++.a(string-inst.o)
                0x00000000000134a0                std::__cxx11::basic_string<char, std::char_traits<char>, std::allocator<char> >::_M_replace(unsigned long, unsigned long, char const*, unsigned long)
 *fill*         0x000000000001363c        0x4 
 .text._ZNSt7__cxx1112basic_stringIcSt11char_traitsIcESaIcEE9_M_appendEPKcm
                0x0000000000013640       0xc0 C:/devkitPro/devkitA64/bin/../lib/gcc/aarch64-none-elf/13.1.0/../../../../aarch64-none-elf/lib/pic\libstdc++.a(string-inst.o)
                0x0000000000013640                std::__cxx11::basic_string<char, std::char_traits<char>, std::allocator<char> >::_M_append(char const*, unsigned long)
 .text._ZNSt7__cxx1112basic_stringIcSt11char_traitsIcESaIcEE6appendEPKc
                0x0000000000013700       0x54 C:/devkitPro/devkitA64/bin/../lib/gcc/aarch64-none-elf/13.1.0/../../../../aarch64-none-elf/lib/pic\libstdc++.a(string-inst.o)
                0x0000000000013700                std::__cxx11::basic_string<char, std::char_traits<char>, std::allocator<char> >::append(char const*)
 *fill*         0x0000000000013754        0xc 
 .text._ZNKSt9bad_alloc4whatEv
                0x0000000000013760        0xc C:/devkitPro/devkitA64/bin/../lib/gcc/aarch64-none-elf/13.1.0/../../../../aarch64-none-elf/lib/pic\libstdc++.a(bad_alloc.o)
                0x0000000000013760                std::bad_alloc::what() const
 *fill*         0x000000000001376c        0x4 
 .text._ZNSt9bad_allocD2Ev
                0x0000000000013770       0x14 C:/devkitPro/devkitA64/bin/../lib/gcc/aarch64-none-elf/13.1.0/../../../../aarch64-none-elf/lib/pic\libstdc++.a(bad_alloc.o)
                0x0000000000013770                std::bad_alloc::~bad_alloc()
                0x0000000000013770                std::bad_alloc::~bad_alloc()
 *fill*         0x0000000000013784        0xc 
 .text._ZNSt9bad_allocD0Ev
                0x0000000000013790       0x28 C:/devkitPro/devkitA64/bin/../lib/gcc/aarch64-none-elf/13.1.0/../../../../aarch64-none-elf/lib/pic\libstdc++.a(bad_alloc.o)
                0x0000000000013790                std::bad_alloc::~bad_alloc()
 *fill*         0x00000000000137b8        0x8 
 .text._ZdlPv   0x00000000000137c0        0x4 C:/devkitPro/devkitA64/bin/../lib/gcc/aarch64-none-elf/13.1.0/../../../../aarch64-none-elf/lib/pic\libstdc++.a(del_op.o)
                0x00000000000137c0                operator delete(void*)
 *fill*         0x00000000000137c4        0xc 
 .text._ZdlPvm  0x00000000000137d0        0x4 C:/devkitPro/devkitA64/bin/../lib/gcc/aarch64-none-elf/13.1.0/../../../../aarch64-none-elf/lib/pic\libstdc++.a(del_ops.o)
                0x00000000000137d0                operator delete(void*, unsigned long)
 *fill*         0x00000000000137d4        0xc 
 .text._ZNK9__gnu_cxx24__concurrence_lock_error4whatEv
                0x00000000000137e0        0xc C:/devkitPro/devkitA64/bin/../lib/gcc/aarch64-none-elf/13.1.0/../../../../aarch64-none-elf/lib/pic\libstdc++.a(eh_alloc.o)
                0x00000000000137e0                __gnu_cxx::__concurrence_lock_error::what() const
 *fill*         0x00000000000137ec        0x4 
 .text._ZNK9__gnu_cxx26__concurrence_unlock_error4whatEv
                0x00000000000137f0        0xc C:/devkitPro/devkitA64/bin/../lib/gcc/aarch64-none-elf/13.1.0/../../../../aarch64-none-elf/lib/pic\libstdc++.a(eh_alloc.o)
                0x00000000000137f0                __gnu_cxx::__concurrence_unlock_error::what() const
 *fill*         0x00000000000137fc        0x4 
 .text._ZN9__gnu_cxx24__concurrence_lock_errorD2Ev
                0x0000000000013800       0x14 C:/devkitPro/devkitA64/bin/../lib/gcc/aarch64-none-elf/13.1.0/../../../../aarch64-none-elf/lib/pic\libstdc++.a(eh_alloc.o)
                0x0000000000013800                __gnu_cxx::__concurrence_lock_error::~__concurrence_lock_error()
                0x0000000000013800                __gnu_cxx::__concurrence_lock_error::~__concurrence_lock_error()
 *fill*         0x0000000000013814        0xc 
 .text._ZN9__gnu_cxx24__concurrence_lock_errorD0Ev
                0x0000000000013820       0x38 C:/devkitPro/devkitA64/bin/../lib/gcc/aarch64-none-elf/13.1.0/../../../../aarch64-none-elf/lib/pic\libstdc++.a(eh_alloc.o)
                0x0000000000013820                __gnu_cxx::__concurrence_lock_error::~__concurrence_lock_error()
 *fill*         0x0000000000013858        0x8 
 .text._ZN9__gnu_cxx26__concurrence_unlock_errorD2Ev
                0x0000000000013860       0x14 C:/devkitPro/devkitA64/bin/../lib/gcc/aarch64-none-elf/13.1.0/../../../../aarch64-none-elf/lib/pic\libstdc++.a(eh_alloc.o)
                0x0000000000013860                __gnu_cxx::__concurrence_unlock_error::~__concurrence_unlock_error()
                0x0000000000013860                __gnu_cxx::__concurrence_unlock_error::~__concurrence_unlock_error()
 *fill*         0x0000000000013874        0xc 
 .text._ZN9__gnu_cxx26__concurrence_unlock_errorD0Ev
                0x0000000000013880       0x38 C:/devkitPro/devkitA64/bin/../lib/gcc/aarch64-none-elf/13.1.0/../../../../aarch64-none-elf/lib/pic\libstdc++.a(eh_alloc.o)
                0x0000000000013880                __gnu_cxx::__concurrence_unlock_error::~__concurrence_unlock_error()
 *fill*         0x00000000000138b8        0x8 
 .text._ZN12_GLOBAL__N_14pool4freeEPv.constprop.0
                0x00000000000138c0      0x118 C:/devkitPro/devkitA64/bin/../lib/gcc/aarch64-none-elf/13.1.0/../../../../aarch64-none-elf/lib/pic\libstdc++.a(eh_alloc.o)
 *fill*         0x00000000000139d8        0x8 
 .text._ZN12_GLOBAL__N_14pool8allocateEm.constprop.0
                0x00000000000139e0       0xc8 C:/devkitPro/devkitA64/bin/../lib/gcc/aarch64-none-elf/13.1.0/../../../../aarch64-none-elf/lib/pic\libstdc++.a(eh_alloc.o)
 *fill*         0x0000000000013aa8        0x8 
 .text.__cxa_allocate_exception
                0x0000000000013ab0       0x58 C:/devkitPro/devkitA64/bin/../lib/gcc/aarch64-none-elf/13.1.0/../../../../aarch64-none-elf/lib/pic\libstdc++.a(eh_alloc.o)
                0x0000000000013ab0                __cxa_allocate_exception
 *fill*         0x0000000000013b08        0x8 
 .text.__cxa_free_exception
                0x0000000000013b10       0x2c C:/devkitPro/devkitA64/bin/../lib/gcc/aarch64-none-elf/13.1.0/../../../../aarch64-none-elf/lib/pic\libstdc++.a(eh_alloc.o)
                0x0000000000013b10                __cxa_free_exception
 *fill*         0x0000000000013b3c        0x4 
 .text.__cxa_begin_catch
                0x0000000000013b40       0x9c C:/devkitPro/devkitA64/bin/../lib/gcc/aarch64-none-elf/13.1.0/../../../../aarch64-none-elf/lib/pic\libstdc++.a(eh_catch.o)
                0x0000000000013b40                __cxa_begin_catch
 *fill*         0x0000000000013bdc        0x4 
 .text._ZNSt9exceptionD2Ev
                0x0000000000013be0        0x4 C:/devkitPro/devkitA64/bin/../lib/gcc/aarch64-none-elf/13.1.0/../../../../aarch64-none-elf/lib/pic\libstdc++.a(eh_exception.o)
                0x0000000000013be0                std::exception::~exception()
                0x0000000000013be0                std::exception::~exception()
 *fill*         0x0000000000013be4        0xc 
 .text._ZL15eh_globals_dtorPv
                0x0000000000013bf0       0x44 C:/devkitPro/devkitA64/bin/../lib/gcc/aarch64-none-elf/13.1.0/../../../../aarch64-none-elf/lib/pic\libstdc++.a(eh_globals.o)
 *fill*         0x0000000000013c34        0xc 
 .text.__cxa_get_globals
                0x0000000000013c40       0x78 C:/devkitPro/devkitA64/bin/../lib/gcc/aarch64-none-elf/13.1.0/../../../../aarch64-none-elf/lib/pic\libstdc++.a(eh_globals.o)
                0x0000000000013c40                __cxa_get_globals
 *fill*         0x0000000000013cb8        0x8 
 .text._ZL16get_adjusted_ptrPKSt9type_infoS1_PPv
                0x0000000000013cc0       0x7c C:/devkitPro/devkitA64/bin/../lib/gcc/aarch64-none-elf/13.1.0/../../../../aarch64-none-elf/lib/pic\libstdc++.a(eh_personality.o)
 *fill*         0x0000000000013d3c        0x4 
 .text._ZL28read_encoded_value_with_basehmPKhPm
                0x0000000000013d40      0x140 C:/devkitPro/devkitA64/bin/../lib/gcc/aarch64-none-elf/13.1.0/../../../../aarch64-none-elf/lib/pic\libstdc++.a(eh_personality.o)
 .text._ZL21base_of_encoded_valuehP15_Unwind_Context
                0x0000000000013e80       0x5c C:/devkitPro/devkitA64/bin/../lib/gcc/aarch64-none-elf/13.1.0/../../../../aarch64-none-elf/lib/pic\libstdc++.a(eh_personality.o)
 *fill*         0x0000000000013edc        0x4 
 .text._ZL20check_exception_specP16lsda_header_infoPKSt9type_infoPvl
                0x0000000000013ee0      0x108 C:/devkitPro/devkitA64/bin/../lib/gcc/aarch64-none-elf/13.1.0/../../../../aarch64-none-elf/lib/pic\libstdc++.a(eh_personality.o)
 *fill*         0x0000000000013fe8        0x8 
 .text._ZL17parse_lsda_headerP15_Unwind_ContextPKhP16lsda_header_info
                0x0000000000013ff0       0xe8 C:/devkitPro/devkitA64/bin/../lib/gcc/aarch64-none-elf/13.1.0/../../../../aarch64-none-elf/lib/pic\libstdc++.a(eh_personality.o)
 *fill*         0x00000000000140d8        0x8 
 .text.__gxx_personality_v0
                0x00000000000140e0      0x59c C:/devkitPro/devkitA64/bin/../lib/gcc/aarch64-none-elf/13.1.0/../../../../aarch64-none-elf/lib/pic\libstdc++.a(eh_personality.o)
                0x00000000000140e0                __gxx_personality_v0
 *fill*         0x000000000001467c        0x4 
 .text._ZN10__cxxabiv111__terminateEPFvvE
                0x0000000000014680       0x18 C:/devkitPro/devkitA64/bin/../lib/gcc/aarch64-none-elf/13.1.0/../../../../aarch64-none-elf/lib/pic\libstdc++.a(eh_terminate.o)
                0x0000000000014680                __cxxabiv1::__terminate(void (*)())
 *fill*         0x0000000000014698        0x8 
 .text._ZSt13get_terminatev
                0x00000000000146a0       0x10 C:/devkitPro/devkitA64/bin/../lib/gcc/aarch64-none-elf/13.1.0/../../../../aarch64-none-elf/lib/pic\libstdc++.a(eh_terminate.o)
                0x00000000000146a0                std::get_terminate()
 .text._ZSt9terminatev
                0x00000000000146b0       0x10 C:/devkitPro/devkitA64/bin/../lib/gcc/aarch64-none-elf/13.1.0/../../../../aarch64-none-elf/lib/pic\libstdc++.a(eh_terminate.o)
                0x00000000000146b0                std::terminate()
 .text._ZN10__cxxabiv112__unexpectedEPFvvE
                0x00000000000146c0       0x10 C:/devkitPro/devkitA64/bin/../lib/gcc/aarch64-none-elf/13.1.0/../../../../aarch64-none-elf/lib/pic\libstdc++.a(eh_terminate.o)
                0x00000000000146c0                __cxxabiv1::__unexpected(void (*)())
 .text._ZSt14get_unexpectedv
                0x00000000000146d0       0x10 C:/devkitPro/devkitA64/bin/../lib/gcc/aarch64-none-elf/13.1.0/../../../../aarch64-none-elf/lib/pic\libstdc++.a(eh_terminate.o)
                0x00000000000146d0                std::get_unexpected()
 .text._ZSt10unexpectedv
                0x00000000000146e0       0x10 C:/devkitPro/devkitA64/bin/../lib/gcc/aarch64-none-elf/13.1.0/../../../../aarch64-none-elf/lib/pic\libstdc++.a(eh_terminate.o)
                0x00000000000146e0                std::unexpected()
 .text._ZL23__gxx_exception_cleanup19_Unwind_Reason_CodeP17_Unwind_Exception
                0x00000000000146f0       0x64 C:/devkitPro/devkitA64/bin/../lib/gcc/aarch64-none-elf/13.1.0/../../../../aarch64-none-elf/lib/pic\libstdc++.a(eh_throw.o)
 *fill*         0x0000000000014754        0xc 
 .text.__cxa_init_primary_exception
                0x0000000000014760       0x58 C:/devkitPro/devkitA64/bin/../lib/gcc/aarch64-none-elf/13.1.0/../../../../aarch64-none-elf/lib/pic\libstdc++.a(eh_throw.o)
                0x0000000000014760                __cxa_init_primary_exception
 *fill*         0x00000000000147b8        0x8 
 .text.__cxa_throw
                0x00000000000147c0       0x60 C:/devkitPro/devkitA64/bin/../lib/gcc/aarch64-none-elf/13.1.0/../../../../aarch64-none-elf/lib/pic\libstdc++.a(eh_throw.o)
                0x00000000000147c0                __cxa_throw
 .text._Znwm    0x0000000000014820       0x68 C:/devkitPro/devkitA64/bin/../lib/gcc/aarch64-none-elf/13.1.0/../../../../aarch64-none-elf/lib/pic\libstdc++.a(new_op.o)
                0x0000000000014820                operator new(unsigned long)
 *fill*         0x0000000000014888        0x8 
 .text._ZN10__cxxabiv120__si_class_type_infoD2Ev
                0x0000000000014890       0x14 C:/devkitPro/devkitA64/bin/../lib/gcc/aarch64-none-elf/13.1.0/../../../../aarch64-none-elf/lib/pic\libstdc++.a(si_class_type_info.o)
                0x0000000000014890                __cxxabiv1::__si_class_type_info::~__si_class_type_info()
                0x0000000000014890                __cxxabiv1::__si_class_type_info::~__si_class_type_info()
 *fill*         0x00000000000148a4        0xc 
 .text._ZN10__cxxabiv120__si_class_type_infoD0Ev
                0x00000000000148b0       0x28 C:/devkitPro/devkitA64/bin/../lib/gcc/aarch64-none-elf/13.1.0/../../../../aarch64-none-elf/lib/pic\libstdc++.a(si_class_type_info.o)
                0x00000000000148b0                __cxxabiv1::__si_class_type_info::~__si_class_type_info()
 *fill*         0x00000000000148d8        0x8 
 .text._ZNK10__cxxabiv120__si_class_type_info12__do_dyncastElNS_17__class_type_info10__sub_kindEPKS1_PKvS4_S6_RNS1_16__dyncast_resultE
                0x00000000000148e0      0x15c C:/devkitPro/devkitA64/bin/../lib/gcc/aarch64-none-elf/13.1.0/../../../../aarch64-none-elf/lib/pic\libstdc++.a(si_class_type_info.o)
                0x00000000000148e0                __cxxabiv1::__si_class_type_info::__do_dyncast(long, __cxxabiv1::__class_type_info::__sub_kind, __cxxabiv1::__class_type_info const*, void const*, __cxxabiv1::__class_type_info const*, void const*, __cxxabiv1::__class_type_info::__dyncast_result&) const
 *fill*         0x0000000000014a3c        0x4 
 .text._ZNK10__cxxabiv120__si_class_type_info20__do_find_public_srcElPKvPKNS_17__class_type_infoES2_
                0x0000000000014a40       0x8c C:/devkitPro/devkitA64/bin/../lib/gcc/aarch64-none-elf/13.1.0/../../../../aarch64-none-elf/lib/pic\libstdc++.a(si_class_type_info.o)
                0x0000000000014a40                __cxxabiv1::__si_class_type_info::__do_find_public_src(long, void const*, __cxxabiv1::__class_type_info const*, void const*) const
 *fill*         0x0000000000014acc        0x4 
 .text._ZNK10__cxxabiv120__si_class_type_info11__do_upcastEPKNS_17__class_type_infoEPKvRNS1_15__upcast_resultE
                0x0000000000014ad0       0x64 C:/devkitPro/devkitA64/bin/../lib/gcc/aarch64-none-elf/13.1.0/../../../../aarch64-none-elf/lib/pic\libstdc++.a(si_class_type_info.o)
                0x0000000000014ad0                __cxxabiv1::__si_class_type_info::__do_upcast(__cxxabiv1::__class_type_info const*, void const*, __cxxabiv1::__class_type_info::__upcast_result&) const
 *fill*         0x0000000000014b34        0xc 
 .text._ZNSt9type_infoD2Ev
                0x0000000000014b40        0x4 C:/devkitPro/devkitA64/bin/../lib/gcc/aarch64-none-elf/13.1.0/../../../../aarch64-none-elf/lib/pic\libstdc++.a(tinfo.o)
                0x0000000000014b40                std::type_info::~type_info()
                0x0000000000014b40                std::type_info::~type_info()
 *fill*         0x0000000000014b44        0xc 
 .text._ZNKSt9type_info14__is_pointer_pEv
                0x0000000000014b50        0x8 C:/devkitPro/devkitA64/bin/../lib/gcc/aarch64-none-elf/13.1.0/../../../../aarch64-none-elf/lib/pic\libstdc++.a(tinfo.o)
                0x0000000000014b50                std::type_info::__is_pointer_p() const
                0x0000000000014b50                std::type_info::__is_function_p() const
 *fill*         0x0000000000014b58        0x8 
 .text._ZNKSt11logic_error4whatEv
                0x0000000000014b60        0x8 C:/devkitPro/devkitA64/bin/../lib/gcc/aarch64-none-elf/13.1.0/../../../../aarch64-none-elf/lib/pic\libstdc++.a(stdexcept.o)
                0x0000000000014b60                std::logic_error::what() const
                0x0000000000014b60                std::runtime_error::what() const
 *fill*         0x0000000000014b68        0x8 
 .text._ZNSt11logic_errorD2Ev
                0x0000000000014b70       0x70 C:/devkitPro/devkitA64/bin/../lib/gcc/aarch64-none-elf/13.1.0/../../../../aarch64-none-elf/lib/pic\libstdc++.a(stdexcept.o)
                0x0000000000014b70                std::logic_error::~logic_error()
                0x0000000000014b70                std::logic_error::~logic_error()
 .text._ZNSt11logic_errorD0Ev
                0x0000000000014be0       0x24 C:/devkitPro/devkitA64/bin/../lib/gcc/aarch64-none-elf/13.1.0/../../../../aarch64-none-elf/lib/pic\libstdc++.a(stdexcept.o)
                0x0000000000014be0                std::logic_error::~logic_error()
 *fill*         0x0000000000014c04        0xc 
 .text._ZNSt12length_errorD2Ev
                0x0000000000014c10       0x14 C:/devkitPro/devkitA64/bin/../lib/gcc/aarch64-none-elf/13.1.0/../../../../aarch64-none-elf/lib/pic\libstdc++.a(stdexcept.o)
                0x0000000000014c10                std::length_error::~length_error()
                0x0000000000014c10                std::length_error::~length_error()
 *fill*         0x0000000000014c24        0xc 
 .text._ZNSt12length_errorD0Ev
                0x0000000000014c30       0x24 C:/devkitPro/devkitA64/bin/../lib/gcc/aarch64-none-elf/13.1.0/../../../../aarch64-none-elf/lib/pic\libstdc++.a(stdexcept.o)
                0x0000000000014c30                std::length_error::~length_error()
 *fill*         0x0000000000014c54        0xc 
 .text._ZNSt11logic_errorC2EPKc
                0x0000000000014c60       0xf0 C:/devkitPro/devkitA64/bin/../lib/gcc/aarch64-none-elf/13.1.0/../../../../aarch64-none-elf/lib/pic\libstdc++.a(cow-stdexcept.o)
                0x0000000000014c60                std::logic_error::logic_error(char const*)
                0x0000000000014c60                std::logic_error::logic_error(char const*)
 .text._ZNSt12length_errorC2EPKc
                0x0000000000014d50       0x30 C:/devkitPro/devkitA64/bin/../lib/gcc/aarch64-none-elf/13.1.0/../../../../aarch64-none-elf/lib/pic\libstdc++.a(cow-stdexcept.o)
                0x0000000000014d50                std::length_error::length_error(char const*)
                0x0000000000014d50                std::length_error::length_error(char const*)
 .text._ZNSs4_Rep9_S_createEmmRKSaIcE
                0x0000000000014d80       0x80 C:/devkitPro/devkitA64/bin/../lib/gcc/aarch64-none-elf/13.1.0/../../../../aarch64-none-elf/lib/pic\libstdc++.a(cow-string-inst.o)
                0x0000000000014d80                std::string::_Rep::_S_create(unsigned long, unsigned long, std::allocator<char> const&)
 .text._ZNSs4_Rep10_M_destroyERKSaIcE
                0x0000000000014e00        0x4 C:/devkitPro/devkitA64/bin/../lib/gcc/aarch64-none-elf/13.1.0/../../../../aarch64-none-elf/lib/pic\libstdc++.a(cow-string-inst.o)